// Jest Snapshot v1, https://goo.gl/fbAQLP

exports[`/api/geo-bucket-stats /day responds with daily stats for the timerange 1`] = `
{
  "dayStats": [
    {
      "averageOrderRevenue": 272.7567567567568,
      "date": "2023-01-01T00:00:00.000Z",
      "geoBucket": "Americas",
      "orders": 74,
      "revenue": 20184,
    },
    {
      "averageOrderRevenue": 317.3090909090909,
      "date": "2023-01-01T00:00:00.000Z",
      "geoBucket": "Asia",
      "orders": 55,
      "revenue": 17452,
    },
    {
      "averageOrderRevenue": 269.70175438596493,
      "date": "2023-01-01T00:00:00.000Z",
      "geoBucket": "Europe",
      "orders": 57,
      "revenue": 15373,
    },
    {
      "averageOrderRevenue": 260.93548387096774,
      "date": "2023-01-01T00:00:00.000Z",
      "geoBucket": "Other",
      "orders": 62,
      "revenue": 16178,
    },
    {
      "averageOrderRevenue": 303.36,
      "date": "2023-01-02T00:00:00.000Z",
      "geoBucket": "Americas",
      "orders": 50,
      "revenue": 15168,
    },
    {
      "averageOrderRevenue": 274.1860465116279,
      "date": "2023-01-02T00:00:00.000Z",
      "geoBucket": "Asia",
      "orders": 86,
      "revenue": 23580,
    },
    {
      "averageOrderRevenue": 288.6764705882353,
      "date": "2023-01-02T00:00:00.000Z",
      "geoBucket": "Europe",
      "orders": 34,
      "revenue": 9815,
    },
    {
      "averageOrderRevenue": 287.9076923076923,
      "date": "2023-01-02T00:00:00.000Z",
      "geoBucket": "Other",
      "orders": 65,
      "revenue": 18714,
    },
    {
      "averageOrderRevenue": 288.2528735632184,
      "date": "2023-01-03T00:00:00.000Z",
      "geoBucket": "Americas",
      "orders": 87,
      "revenue": 25078,
    },
    {
      "averageOrderRevenue": 271.9024390243902,
      "date": "2023-01-03T00:00:00.000Z",
      "geoBucket": "Asia",
      "orders": 82,
      "revenue": 22296,
    },
    {
      "averageOrderRevenue": 256.1014492753623,
      "date": "2023-01-03T00:00:00.000Z",
      "geoBucket": "Europe",
      "orders": 69,
      "revenue": 17671,
    },
    {
      "averageOrderRevenue": 213.58461538461538,
      "date": "2023-01-03T00:00:00.000Z",
      "geoBucket": "Other",
      "orders": 65,
      "revenue": 13883,
    },
    {
      "averageOrderRevenue": 307.54761904761904,
      "date": "2023-01-04T00:00:00.000Z",
      "geoBucket": "Americas",
      "orders": 84,
      "revenue": 25834,
    },
    {
      "averageOrderRevenue": 302.2773109243698,
      "date": "2023-01-04T00:00:00.000Z",
      "geoBucket": "Asia",
      "orders": 119,
      "revenue": 35971,
    },
    {
      "averageOrderRevenue": 300.4805194805195,
      "date": "2023-01-04T00:00:00.000Z",
      "geoBucket": "Europe",
      "orders": 77,
      "revenue": 23137,
    },
    {
      "averageOrderRevenue": 342.43956043956047,
      "date": "2023-01-04T00:00:00.000Z",
      "geoBucket": "Other",
      "orders": 91,
      "revenue": 31162,
    },
    {
      "averageOrderRevenue": 324.25,
      "date": "2023-01-05T00:00:00.000Z",
      "geoBucket": "Americas",
      "orders": 84,
      "revenue": 27237,
    },
    {
      "averageOrderRevenue": 257.22549019607845,
      "date": "2023-01-05T00:00:00.000Z",
      "geoBucket": "Asia",
      "orders": 102,
      "revenue": 26237,
    },
    {
      "averageOrderRevenue": 285.46938775510205,
      "date": "2023-01-05T00:00:00.000Z",
      "geoBucket": "Europe",
      "orders": 49,
      "revenue": 13988,
    },
    {
      "averageOrderRevenue": 242.6,
      "date": "2023-01-05T00:00:00.000Z",
      "geoBucket": "Other",
      "orders": 90,
      "revenue": 21834,
    },
    {
      "averageOrderRevenue": 279.14084507042253,
      "date": "2023-01-06T00:00:00.000Z",
      "geoBucket": "Americas",
      "orders": 71,
      "revenue": 19819,
    },
    {
      "averageOrderRevenue": 318.32876712328766,
      "date": "2023-01-06T00:00:00.000Z",
      "geoBucket": "Asia",
      "orders": 73,
      "revenue": 23238,
    },
    {
      "averageOrderRevenue": 278.8255813953488,
      "date": "2023-01-06T00:00:00.000Z",
      "geoBucket": "Europe",
      "orders": 86,
      "revenue": 23979,
    },
    {
      "averageOrderRevenue": 260.0263157894737,
      "date": "2023-01-06T00:00:00.000Z",
      "geoBucket": "Other",
      "orders": 114,
      "revenue": 29643,
    },
    {
      "averageOrderRevenue": 280.46067415730334,
      "date": "2023-01-07T00:00:00.000Z",
      "geoBucket": "Americas",
      "orders": 89,
      "revenue": 24961,
    },
    {
      "averageOrderRevenue": 271.69767441860466,
      "date": "2023-01-07T00:00:00.000Z",
      "geoBucket": "Asia",
      "orders": 86,
      "revenue": 23366,
    },
    {
      "averageOrderRevenue": 282.1212121212121,
      "date": "2023-01-07T00:00:00.000Z",
      "geoBucket": "Europe",
      "orders": 99,
      "revenue": 27930,
    },
    {
      "averageOrderRevenue": 288.5742574257426,
      "date": "2023-01-07T00:00:00.000Z",
      "geoBucket": "Other",
      "orders": 101,
      "revenue": 29146,
    },
    {
      "averageOrderRevenue": 276.8082191780822,
      "date": "2023-01-08T00:00:00.000Z",
      "geoBucket": "Americas",
      "orders": 73,
      "revenue": 20207,
    },
    {
      "averageOrderRevenue": 285.2758620689655,
      "date": "2023-01-08T00:00:00.000Z",
      "geoBucket": "Asia",
      "orders": 87,
      "revenue": 24819,
    },
    {
      "averageOrderRevenue": 322.7402597402597,
      "date": "2023-01-08T00:00:00.000Z",
      "geoBucket": "Europe",
      "orders": 77,
      "revenue": 24851,
    },
    {
      "averageOrderRevenue": 316.2207792207792,
      "date": "2023-01-08T00:00:00.000Z",
      "geoBucket": "Other",
      "orders": 77,
      "revenue": 24349,
    },
    {
      "averageOrderRevenue": 293.21,
      "date": "2023-01-09T00:00:00.000Z",
      "geoBucket": "Americas",
      "orders": 100,
      "revenue": 29321,
    },
    {
      "averageOrderRevenue": 302.29213483146066,
      "date": "2023-01-09T00:00:00.000Z",
      "geoBucket": "Asia",
      "orders": 89,
      "revenue": 26904,
    },
    {
      "averageOrderRevenue": 272.96153846153845,
      "date": "2023-01-09T00:00:00.000Z",
      "geoBucket": "Europe",
      "orders": 130,
      "revenue": 35485,
    },
    {
      "averageOrderRevenue": 268.1216216216216,
      "date": "2023-01-09T00:00:00.000Z",
      "geoBucket": "Other",
      "orders": 74,
      "revenue": 19841,
    },
    {
      "averageOrderRevenue": 245.4,
      "date": "2023-01-10T00:00:00.000Z",
      "geoBucket": "Americas",
      "orders": 70,
      "revenue": 17178,
    },
    {
      "averageOrderRevenue": 293.31775700934577,
      "date": "2023-01-10T00:00:00.000Z",
      "geoBucket": "Asia",
      "orders": 107,
      "revenue": 31385,
    },
    {
      "averageOrderRevenue": 272.67857142857144,
      "date": "2023-01-10T00:00:00.000Z",
      "geoBucket": "Europe",
      "orders": 56,
      "revenue": 15270,
    },
    {
      "averageOrderRevenue": 274.71264367816093,
      "date": "2023-01-10T00:00:00.000Z",
      "geoBucket": "Other",
      "orders": 87,
      "revenue": 23900,
    },
    {
      "averageOrderRevenue": 290.5,
      "date": "2023-01-11T00:00:00.000Z",
      "geoBucket": "Americas",
      "orders": 28,
      "revenue": 8134,
    },
    {
      "averageOrderRevenue": 290.8859649122807,
      "date": "2023-01-11T00:00:00.000Z",
      "geoBucket": "Asia",
      "orders": 114,
      "revenue": 33161,
    },
    {
      "averageOrderRevenue": 293.87951807228916,
      "date": "2023-01-11T00:00:00.000Z",
      "geoBucket": "Europe",
      "orders": 83,
      "revenue": 24392,
    },
    {
      "averageOrderRevenue": 258.8032786885246,
      "date": "2023-01-11T00:00:00.000Z",
      "geoBucket": "Other",
      "orders": 61,
      "revenue": 15787,
    },
    {
      "averageOrderRevenue": 286.3188405797101,
      "date": "2023-01-12T00:00:00.000Z",
      "geoBucket": "Americas",
      "orders": 69,
      "revenue": 19756,
    },
    {
      "averageOrderRevenue": 257.30232558139534,
      "date": "2023-01-12T00:00:00.000Z",
      "geoBucket": "Asia",
      "orders": 43,
      "revenue": 11064,
    },
    {
      "averageOrderRevenue": 250.13235294117646,
      "date": "2023-01-12T00:00:00.000Z",
      "geoBucket": "Europe",
      "orders": 68,
      "revenue": 17009,
    },
    {
      "averageOrderRevenue": 230,
      "date": "2023-01-12T00:00:00.000Z",
      "geoBucket": "Other",
      "orders": 60,
      "revenue": 13800,
    },
    {
      "averageOrderRevenue": 251.70731707317074,
      "date": "2023-01-13T00:00:00.000Z",
      "geoBucket": "Americas",
      "orders": 41,
      "revenue": 10320,
    },
    {
      "averageOrderRevenue": 289.8550724637681,
      "date": "2023-01-13T00:00:00.000Z",
      "geoBucket": "Asia",
      "orders": 69,
      "revenue": 20000,
    },
    {
      "averageOrderRevenue": 274.0833333333333,
      "date": "2023-01-13T00:00:00.000Z",
      "geoBucket": "Europe",
      "orders": 120,
      "revenue": 32890,
    },
    {
      "averageOrderRevenue": 281.8918918918919,
      "date": "2023-01-13T00:00:00.000Z",
      "geoBucket": "Other",
      "orders": 37,
      "revenue": 10430,
    },
    {
      "averageOrderRevenue": 279.5409836065574,
      "date": "2023-01-14T00:00:00.000Z",
      "geoBucket": "Americas",
      "orders": 61,
      "revenue": 17052,
    },
    {
      "averageOrderRevenue": 289.0888888888889,
      "date": "2023-01-14T00:00:00.000Z",
      "geoBucket": "Asia",
      "orders": 90,
      "revenue": 26018,
    },
    {
      "averageOrderRevenue": 252.47222222222223,
      "date": "2023-01-14T00:00:00.000Z",
      "geoBucket": "Europe",
      "orders": 72,
      "revenue": 18178,
    },
    {
      "averageOrderRevenue": 305.5145631067961,
      "date": "2023-01-14T00:00:00.000Z",
      "geoBucket": "Other",
      "orders": 103,
      "revenue": 31468,
    },
    {
      "averageOrderRevenue": 296.34375,
      "date": "2023-01-15T00:00:00.000Z",
      "geoBucket": "Americas",
      "orders": 128,
      "revenue": 37932,
    },
    {
      "averageOrderRevenue": 286.40677966101697,
      "date": "2023-01-15T00:00:00.000Z",
      "geoBucket": "Asia",
      "orders": 59,
      "revenue": 16898,
    },
    {
      "averageOrderRevenue": 273.2063492063492,
      "date": "2023-01-15T00:00:00.000Z",
      "geoBucket": "Europe",
      "orders": 63,
      "revenue": 17212,
    },
    {
      "averageOrderRevenue": 244.1891891891892,
      "date": "2023-01-15T00:00:00.000Z",
      "geoBucket": "Other",
      "orders": 74,
      "revenue": 18070,
    },
    {
      "averageOrderRevenue": 268.3421052631579,
      "date": "2023-01-16T00:00:00.000Z",
      "geoBucket": "Americas",
      "orders": 76,
      "revenue": 20394,
    },
    {
      "averageOrderRevenue": 272.61038961038963,
      "date": "2023-01-16T00:00:00.000Z",
      "geoBucket": "Asia",
      "orders": 77,
      "revenue": 20991,
    },
    {
      "averageOrderRevenue": 283,
      "date": "2023-01-16T00:00:00.000Z",
      "geoBucket": "Europe",
      "orders": 97,
      "revenue": 27451,
    },
    {
      "averageOrderRevenue": 298.5753424657534,
      "date": "2023-01-16T00:00:00.000Z",
      "geoBucket": "Other",
      "orders": 73,
      "revenue": 21796,
    },
    {
      "averageOrderRevenue": 238.94117647058823,
      "date": "2023-01-17T00:00:00.000Z",
      "geoBucket": "Americas",
      "orders": 51,
      "revenue": 12186,
    },
    {
      "averageOrderRevenue": 274.056338028169,
      "date": "2023-01-17T00:00:00.000Z",
      "geoBucket": "Asia",
      "orders": 71,
      "revenue": 19458,
    },
    {
      "averageOrderRevenue": 251.89285714285714,
      "date": "2023-01-17T00:00:00.000Z",
      "geoBucket": "Europe",
      "orders": 84,
      "revenue": 21159,
    },
    {
      "averageOrderRevenue": 238.2876712328767,
      "date": "2023-01-17T00:00:00.000Z",
      "geoBucket": "Other",
      "orders": 73,
      "revenue": 17395,
    },
    {
      "averageOrderRevenue": 235.74285714285713,
      "date": "2023-01-18T00:00:00.000Z",
      "geoBucket": "Americas",
      "orders": 35,
      "revenue": 8251,
    },
    {
      "averageOrderRevenue": 248.66666666666666,
      "date": "2023-01-18T00:00:00.000Z",
      "geoBucket": "Asia",
      "orders": 90,
      "revenue": 22380,
    },
    {
      "averageOrderRevenue": 276.2761904761905,
      "date": "2023-01-18T00:00:00.000Z",
      "geoBucket": "Europe",
      "orders": 105,
      "revenue": 29009,
    },
    {
      "averageOrderRevenue": 274.7931034482759,
      "date": "2023-01-18T00:00:00.000Z",
      "geoBucket": "Other",
      "orders": 58,
      "revenue": 15938,
    },
    {
      "averageOrderRevenue": 265.43373493975906,
      "date": "2023-01-19T00:00:00.000Z",
      "geoBucket": "Americas",
      "orders": 83,
      "revenue": 22031,
    },
    {
      "averageOrderRevenue": 289.6388888888889,
      "date": "2023-01-19T00:00:00.000Z",
      "geoBucket": "Asia",
      "orders": 72,
      "revenue": 20854,
    },
    {
      "averageOrderRevenue": 294.41379310344826,
      "date": "2023-01-19T00:00:00.000Z",
      "geoBucket": "Europe",
      "orders": 116,
      "revenue": 34152,
    },
    {
      "averageOrderRevenue": 314.8,
      "date": "2023-01-19T00:00:00.000Z",
      "geoBucket": "Other",
      "orders": 65,
      "revenue": 20462,
    },
    {
      "averageOrderRevenue": 273.1194029850746,
      "date": "2023-01-20T00:00:00.000Z",
      "geoBucket": "Americas",
      "orders": 67,
      "revenue": 18299,
    },
    {
      "averageOrderRevenue": 297.8125,
      "date": "2023-01-20T00:00:00.000Z",
      "geoBucket": "Asia",
      "orders": 64,
      "revenue": 19060,
    },
    {
      "averageOrderRevenue": 234.96774193548387,
      "date": "2023-01-20T00:00:00.000Z",
      "geoBucket": "Europe",
      "orders": 62,
      "revenue": 14568,
    },
    {
      "averageOrderRevenue": 250.0597014925373,
      "date": "2023-01-20T00:00:00.000Z",
      "geoBucket": "Other",
      "orders": 67,
      "revenue": 16754,
    },
    {
      "averageOrderRevenue": 280.1929824561403,
      "date": "2023-01-21T00:00:00.000Z",
      "geoBucket": "Americas",
      "orders": 114,
      "revenue": 31942,
    },
    {
      "averageOrderRevenue": 276.2105263157895,
      "date": "2023-01-21T00:00:00.000Z",
      "geoBucket": "Asia",
      "orders": 114,
      "revenue": 31488,
    },
    {
      "averageOrderRevenue": 261.85897435897436,
      "date": "2023-01-21T00:00:00.000Z",
      "geoBucket": "Europe",
      "orders": 78,
      "revenue": 20425,
    },
    {
      "averageOrderRevenue": 312.71830985915494,
      "date": "2023-01-21T00:00:00.000Z",
      "geoBucket": "Other",
      "orders": 71,
      "revenue": 22203,
    },
    {
      "averageOrderRevenue": 282.25742574257424,
      "date": "2023-01-22T00:00:00.000Z",
      "geoBucket": "Americas",
      "orders": 101,
      "revenue": 28508,
    },
    {
      "averageOrderRevenue": 323.84375,
      "date": "2023-01-22T00:00:00.000Z",
      "geoBucket": "Asia",
      "orders": 64,
      "revenue": 20726,
    },
    {
      "averageOrderRevenue": 276.3069306930693,
      "date": "2023-01-22T00:00:00.000Z",
      "geoBucket": "Europe",
      "orders": 101,
      "revenue": 27907,
    },
    {
      "averageOrderRevenue": 306.07142857142856,
      "date": "2023-01-22T00:00:00.000Z",
      "geoBucket": "Other",
      "orders": 56,
      "revenue": 17140,
    },
    {
      "averageOrderRevenue": 278.5365853658537,
      "date": "2023-01-23T00:00:00.000Z",
      "geoBucket": "Americas",
      "orders": 82,
      "revenue": 22840,
    },
    {
      "averageOrderRevenue": 250.20967741935485,
      "date": "2023-01-23T00:00:00.000Z",
      "geoBucket": "Asia",
      "orders": 62,
      "revenue": 15513,
    },
    {
      "averageOrderRevenue": 296.8421052631579,
      "date": "2023-01-23T00:00:00.000Z",
      "geoBucket": "Europe",
      "orders": 38,
      "revenue": 11280,
    },
    {
      "averageOrderRevenue": 257.06451612903226,
      "date": "2023-01-23T00:00:00.000Z",
      "geoBucket": "Other",
      "orders": 31,
      "revenue": 7969,
    },
    {
      "averageOrderRevenue": 294.90625,
      "date": "2023-01-24T00:00:00.000Z",
      "geoBucket": "Americas",
      "orders": 64,
      "revenue": 18874,
    },
    {
      "averageOrderRevenue": 248.78378378378378,
      "date": "2023-01-24T00:00:00.000Z",
      "geoBucket": "Asia",
      "orders": 37,
      "revenue": 9205,
    },
    {
      "averageOrderRevenue": 272.8131868131868,
      "date": "2023-01-24T00:00:00.000Z",
      "geoBucket": "Europe",
      "orders": 91,
      "revenue": 24826,
    },
    {
      "averageOrderRevenue": 349.5625,
      "date": "2023-01-24T00:00:00.000Z",
      "geoBucket": "Other",
      "orders": 32,
      "revenue": 11186,
    },
    {
      "averageOrderRevenue": 293.6333333333333,
      "date": "2023-01-25T00:00:00.000Z",
      "geoBucket": "Americas",
      "orders": 90,
      "revenue": 26427,
    },
    {
      "averageOrderRevenue": 330.42045454545456,
      "date": "2023-01-25T00:00:00.000Z",
      "geoBucket": "Asia",
      "orders": 88,
      "revenue": 29077,
    },
    {
      "averageOrderRevenue": 286.18446601941747,
      "date": "2023-01-25T00:00:00.000Z",
      "geoBucket": "Europe",
      "orders": 103,
      "revenue": 29477,
    },
    {
      "averageOrderRevenue": 232.45762711864407,
      "date": "2023-01-25T00:00:00.000Z",
      "geoBucket": "Other",
      "orders": 59,
      "revenue": 13715,
    },
    {
      "averageOrderRevenue": 306,
      "date": "2023-01-26T00:00:00.000Z",
      "geoBucket": "Americas",
      "orders": 77,
      "revenue": 23562,
    },
    {
      "averageOrderRevenue": 255.11428571428573,
      "date": "2023-01-26T00:00:00.000Z",
      "geoBucket": "Asia",
      "orders": 105,
      "revenue": 26787,
    },
    {
      "averageOrderRevenue": 286.2164179104478,
      "date": "2023-01-26T00:00:00.000Z",
      "geoBucket": "Europe",
      "orders": 134,
      "revenue": 38353,
    },
    {
      "averageOrderRevenue": 287.4927536231884,
      "date": "2023-01-26T00:00:00.000Z",
      "geoBucket": "Other",
      "orders": 69,
      "revenue": 19837,
    },
    {
      "averageOrderRevenue": 255.77528089887642,
      "date": "2023-01-27T00:00:00.000Z",
      "geoBucket": "Americas",
      "orders": 89,
      "revenue": 22764,
    },
    {
      "averageOrderRevenue": 277.93684210526317,
      "date": "2023-01-27T00:00:00.000Z",
      "geoBucket": "Asia",
      "orders": 95,
      "revenue": 26404,
    },
    {
      "averageOrderRevenue": 294.4142857142857,
      "date": "2023-01-27T00:00:00.000Z",
      "geoBucket": "Europe",
      "orders": 70,
      "revenue": 20609,
    },
    {
      "averageOrderRevenue": 239.16417910447763,
      "date": "2023-01-27T00:00:00.000Z",
      "geoBucket": "Other",
      "orders": 67,
      "revenue": 16024,
    },
    {
      "averageOrderRevenue": 254.4318181818182,
      "date": "2023-01-28T00:00:00.000Z",
      "geoBucket": "Americas",
      "orders": 44,
      "revenue": 11195,
    },
    {
      "averageOrderRevenue": 310.0833333333333,
      "date": "2023-01-28T00:00:00.000Z",
      "geoBucket": "Asia",
      "orders": 36,
      "revenue": 11163,
    },
    {
      "averageOrderRevenue": 293.95,
      "date": "2023-01-28T00:00:00.000Z",
      "geoBucket": "Europe",
      "orders": 60,
      "revenue": 17637,
    },
    {
      "averageOrderRevenue": 267.9390243902439,
      "date": "2023-01-28T00:00:00.000Z",
      "geoBucket": "Other",
      "orders": 82,
      "revenue": 21971,
    },
    {
      "averageOrderRevenue": 244.39240506329114,
      "date": "2023-01-29T00:00:00.000Z",
      "geoBucket": "Americas",
      "orders": 79,
      "revenue": 19307,
    },
    {
      "averageOrderRevenue": 335.2087912087912,
      "date": "2023-01-29T00:00:00.000Z",
      "geoBucket": "Asia",
      "orders": 91,
      "revenue": 30504,
    },
    {
      "averageOrderRevenue": 240.73333333333332,
      "date": "2023-01-29T00:00:00.000Z",
      "geoBucket": "Europe",
      "orders": 90,
      "revenue": 21666,
    },
    {
      "averageOrderRevenue": 300.6542056074766,
      "date": "2023-01-29T00:00:00.000Z",
      "geoBucket": "Other",
      "orders": 107,
      "revenue": 32170,
    },
    {
      "averageOrderRevenue": 290.21176470588233,
      "date": "2023-01-30T00:00:00.000Z",
      "geoBucket": "Americas",
      "orders": 85,
      "revenue": 24668,
    },
    {
      "averageOrderRevenue": 290.30882352941177,
      "date": "2023-01-30T00:00:00.000Z",
      "geoBucket": "Asia",
      "orders": 68,
      "revenue": 19741,
    },
    {
      "averageOrderRevenue": 300.55555555555554,
      "date": "2023-01-30T00:00:00.000Z",
      "geoBucket": "Europe",
      "orders": 54,
      "revenue": 16230,
    },
    {
      "averageOrderRevenue": 239.9,
      "date": "2023-01-30T00:00:00.000Z",
      "geoBucket": "Other",
      "orders": 100,
      "revenue": 23990,
    },
    {
      "averageOrderRevenue": 243.80434782608697,
      "date": "2023-01-31T00:00:00.000Z",
      "geoBucket": "Americas",
      "orders": 46,
      "revenue": 11215,
    },
    {
      "averageOrderRevenue": 237.6315789473684,
      "date": "2023-01-31T00:00:00.000Z",
      "geoBucket": "Asia",
      "orders": 76,
      "revenue": 18060,
    },
    {
      "averageOrderRevenue": 257.2692307692308,
      "date": "2023-01-31T00:00:00.000Z",
      "geoBucket": "Europe",
      "orders": 52,
      "revenue": 13378,
    },
    {
      "averageOrderRevenue": 269.4655172413793,
      "date": "2023-01-31T00:00:00.000Z",
      "geoBucket": "Other",
      "orders": 58,
      "revenue": 15629,
    },
    {
      "averageOrderRevenue": 288,
      "date": "2023-02-01T00:00:00.000Z",
      "geoBucket": "Americas",
      "orders": 56,
      "revenue": 16128,
    },
    {
      "averageOrderRevenue": 294.0377358490566,
      "date": "2023-02-01T00:00:00.000Z",
      "geoBucket": "Asia",
      "orders": 53,
      "revenue": 15584,
    },
    {
      "averageOrderRevenue": 317.05128205128204,
      "date": "2023-02-01T00:00:00.000Z",
      "geoBucket": "Europe",
      "orders": 117,
      "revenue": 37095,
    },
    {
      "averageOrderRevenue": 263.93650793650795,
      "date": "2023-02-01T00:00:00.000Z",
      "geoBucket": "Other",
      "orders": 63,
      "revenue": 16628,
    },
    {
      "averageOrderRevenue": 267.55384615384617,
      "date": "2023-02-02T00:00:00.000Z",
      "geoBucket": "Americas",
      "orders": 65,
      "revenue": 17391,
    },
    {
      "averageOrderRevenue": 283.6190476190476,
      "date": "2023-02-02T00:00:00.000Z",
      "geoBucket": "Asia",
      "orders": 63,
      "revenue": 17868,
    },
    {
      "averageOrderRevenue": 282.655737704918,
      "date": "2023-02-02T00:00:00.000Z",
      "geoBucket": "Europe",
      "orders": 61,
      "revenue": 17242,
    },
    {
      "averageOrderRevenue": 283.3048780487805,
      "date": "2023-02-02T00:00:00.000Z",
      "geoBucket": "Other",
      "orders": 82,
      "revenue": 23231,
    },
    {
      "averageOrderRevenue": 269.3333333333333,
      "date": "2023-02-03T00:00:00.000Z",
      "geoBucket": "Americas",
      "orders": 51,
      "revenue": 13736,
    },
    {
      "averageOrderRevenue": 228.375,
      "date": "2023-02-03T00:00:00.000Z",
      "geoBucket": "Asia",
      "orders": 32,
      "revenue": 7308,
    },
    {
      "averageOrderRevenue": 217.57142857142858,
      "date": "2023-02-03T00:00:00.000Z",
      "geoBucket": "Europe",
      "orders": 49,
      "revenue": 10661,
    },
    {
      "averageOrderRevenue": 282.3837209302326,
      "date": "2023-02-03T00:00:00.000Z",
      "geoBucket": "Other",
      "orders": 86,
      "revenue": 24285,
    },
    {
      "averageOrderRevenue": 250.82417582417582,
      "date": "2023-02-04T00:00:00.000Z",
      "geoBucket": "Americas",
      "orders": 91,
      "revenue": 22825,
    },
    {
      "averageOrderRevenue": 257.8235294117647,
      "date": "2023-02-04T00:00:00.000Z",
      "geoBucket": "Asia",
      "orders": 119,
      "revenue": 30681,
    },
    {
      "averageOrderRevenue": 311.2063492063492,
      "date": "2023-02-04T00:00:00.000Z",
      "geoBucket": "Europe",
      "orders": 63,
      "revenue": 19606,
    },
    {
      "averageOrderRevenue": 288.60360360360363,
      "date": "2023-02-04T00:00:00.000Z",
      "geoBucket": "Other",
      "orders": 111,
      "revenue": 32035,
    },
    {
      "averageOrderRevenue": 301.6666666666667,
      "date": "2023-02-05T00:00:00.000Z",
      "geoBucket": "Americas",
      "orders": 108,
      "revenue": 32580,
    },
    {
      "averageOrderRevenue": 277.35,
      "date": "2023-02-05T00:00:00.000Z",
      "geoBucket": "Asia",
      "orders": 60,
      "revenue": 16641,
    },
    {
      "averageOrderRevenue": 259.5833333333333,
      "date": "2023-02-05T00:00:00.000Z",
      "geoBucket": "Europe",
      "orders": 60,
      "revenue": 15575,
    },
    {
      "averageOrderRevenue": 261.175,
      "date": "2023-02-05T00:00:00.000Z",
      "geoBucket": "Other",
      "orders": 80,
      "revenue": 20894,
    },
    {
      "averageOrderRevenue": 311.1666666666667,
      "date": "2023-02-06T00:00:00.000Z",
      "geoBucket": "Americas",
      "orders": 90,
      "revenue": 28005,
    },
    {
      "averageOrderRevenue": 322.1969696969697,
      "date": "2023-02-06T00:00:00.000Z",
      "geoBucket": "Asia",
      "orders": 66,
      "revenue": 21265,
    },
    {
      "averageOrderRevenue": 261.29411764705884,
      "date": "2023-02-06T00:00:00.000Z",
      "geoBucket": "Europe",
      "orders": 51,
      "revenue": 13326,
    },
    {
      "averageOrderRevenue": 248.02857142857144,
      "date": "2023-02-06T00:00:00.000Z",
      "geoBucket": "Other",
      "orders": 105,
      "revenue": 26043,
    },
    {
      "averageOrderRevenue": 307.3921568627451,
      "date": "2023-02-07T00:00:00.000Z",
      "geoBucket": "Americas",
      "orders": 102,
      "revenue": 31354,
    },
    {
      "averageOrderRevenue": 314.4130434782609,
      "date": "2023-02-07T00:00:00.000Z",
      "geoBucket": "Asia",
      "orders": 46,
      "revenue": 14463,
    },
    {
      "averageOrderRevenue": 262.63013698630135,
      "date": "2023-02-07T00:00:00.000Z",
      "geoBucket": "Europe",
      "orders": 73,
      "revenue": 19172,
    },
    {
      "averageOrderRevenue": 235.40540540540542,
      "date": "2023-02-07T00:00:00.000Z",
      "geoBucket": "Other",
      "orders": 37,
      "revenue": 8710,
    },
    {
      "averageOrderRevenue": 249.82954545454547,
      "date": "2023-02-08T00:00:00.000Z",
      "geoBucket": "Americas",
      "orders": 88,
      "revenue": 21985,
    },
    {
      "averageOrderRevenue": 279.14285714285717,
      "date": "2023-02-08T00:00:00.000Z",
      "geoBucket": "Asia",
      "orders": 91,
      "revenue": 25402,
    },
    {
      "averageOrderRevenue": 238.89583333333334,
      "date": "2023-02-08T00:00:00.000Z",
      "geoBucket": "Europe",
      "orders": 48,
      "revenue": 11467,
    },
    {
      "averageOrderRevenue": 314.8545454545455,
      "date": "2023-02-08T00:00:00.000Z",
      "geoBucket": "Other",
      "orders": 110,
      "revenue": 34634,
    },
    {
      "averageOrderRevenue": 240.890625,
      "date": "2023-02-09T00:00:00.000Z",
      "geoBucket": "Americas",
      "orders": 64,
      "revenue": 15417,
    },
    {
      "averageOrderRevenue": 323.86,
      "date": "2023-02-09T00:00:00.000Z",
      "geoBucket": "Asia",
      "orders": 50,
      "revenue": 16193,
    },
    {
      "averageOrderRevenue": 256.06666666666666,
      "date": "2023-02-09T00:00:00.000Z",
      "geoBucket": "Europe",
      "orders": 60,
      "revenue": 15364,
    },
    {
      "averageOrderRevenue": 302.1743119266055,
      "date": "2023-02-09T00:00:00.000Z",
      "geoBucket": "Other",
      "orders": 109,
      "revenue": 32937,
    },
    {
      "averageOrderRevenue": 255.95505617977528,
      "date": "2023-02-10T00:00:00.000Z",
      "geoBucket": "Americas",
      "orders": 89,
      "revenue": 22780,
    },
    {
      "averageOrderRevenue": 216.71428571428572,
      "date": "2023-02-10T00:00:00.000Z",
      "geoBucket": "Asia",
      "orders": 49,
      "revenue": 10619,
    },
    {
      "averageOrderRevenue": 290.3333333333333,
      "date": "2023-02-10T00:00:00.000Z",
      "geoBucket": "Europe",
      "orders": 51,
      "revenue": 14807,
    },
    {
      "averageOrderRevenue": 258.86,
      "date": "2023-02-10T00:00:00.000Z",
      "geoBucket": "Other",
      "orders": 100,
      "revenue": 25886,
    },
    {
      "averageOrderRevenue": 269.1666666666667,
      "date": "2023-02-11T00:00:00.000Z",
      "geoBucket": "Americas",
      "orders": 108,
      "revenue": 29070,
    },
    {
      "averageOrderRevenue": 368.2549019607843,
      "date": "2023-02-11T00:00:00.000Z",
      "geoBucket": "Asia",
      "orders": 51,
      "revenue": 18781,
    },
    {
      "averageOrderRevenue": 308.36893203883494,
      "date": "2023-02-11T00:00:00.000Z",
      "geoBucket": "Europe",
      "orders": 103,
      "revenue": 31762,
    },
    {
      "averageOrderRevenue": 213.69230769230768,
      "date": "2023-02-11T00:00:00.000Z",
      "geoBucket": "Other",
      "orders": 39,
      "revenue": 8334,
    },
    {
      "averageOrderRevenue": 270.9047619047619,
      "date": "2023-02-12T00:00:00.000Z",
      "geoBucket": "Americas",
      "orders": 42,
      "revenue": 11378,
    },
    {
      "averageOrderRevenue": 300.1641791044776,
      "date": "2023-02-12T00:00:00.000Z",
      "geoBucket": "Asia",
      "orders": 67,
      "revenue": 20111,
    },
    {
      "averageOrderRevenue": 288.0689655172414,
      "date": "2023-02-12T00:00:00.000Z",
      "geoBucket": "Europe",
      "orders": 116,
      "revenue": 33416,
    },
    {
      "averageOrderRevenue": 264.08235294117645,
      "date": "2023-02-12T00:00:00.000Z",
      "geoBucket": "Other",
      "orders": 85,
      "revenue": 22447,
    },
    {
      "averageOrderRevenue": 287.35,
      "date": "2023-02-13T00:00:00.000Z",
      "geoBucket": "Americas",
      "orders": 60,
      "revenue": 17241,
    },
    {
      "averageOrderRevenue": 258.78723404255317,
      "date": "2023-02-13T00:00:00.000Z",
      "geoBucket": "Asia",
      "orders": 47,
      "revenue": 12163,
    },
    {
      "averageOrderRevenue": 226.38095238095238,
      "date": "2023-02-13T00:00:00.000Z",
      "geoBucket": "Europe",
      "orders": 126,
      "revenue": 28524,
    },
    {
      "averageOrderRevenue": 285.2409638554217,
      "date": "2023-02-13T00:00:00.000Z",
      "geoBucket": "Other",
      "orders": 83,
      "revenue": 23675,
    },
    {
      "averageOrderRevenue": 236.18840579710144,
      "date": "2023-02-14T00:00:00.000Z",
      "geoBucket": "Americas",
      "orders": 69,
      "revenue": 16297,
    },
    {
      "averageOrderRevenue": 311.6231884057971,
      "date": "2023-02-14T00:00:00.000Z",
      "geoBucket": "Asia",
      "orders": 69,
      "revenue": 21502,
    },
    {
      "averageOrderRevenue": 234.10256410256412,
      "date": "2023-02-14T00:00:00.000Z",
      "geoBucket": "Europe",
      "orders": 39,
      "revenue": 9130,
    },
    {
      "averageOrderRevenue": 303.4594594594595,
      "date": "2023-02-14T00:00:00.000Z",
      "geoBucket": "Other",
      "orders": 37,
      "revenue": 11228,
    },
    {
      "averageOrderRevenue": 266.3090909090909,
      "date": "2023-02-15T00:00:00.000Z",
      "geoBucket": "Americas",
      "orders": 55,
      "revenue": 14647,
    },
    {
      "averageOrderRevenue": 303.49484536082474,
      "date": "2023-02-15T00:00:00.000Z",
      "geoBucket": "Asia",
      "orders": 97,
      "revenue": 29439,
    },
    {
      "averageOrderRevenue": 287.7016129032258,
      "date": "2023-02-15T00:00:00.000Z",
      "geoBucket": "Europe",
      "orders": 124,
      "revenue": 35675,
    },
    {
      "averageOrderRevenue": 321.51162790697674,
      "date": "2023-02-15T00:00:00.000Z",
      "geoBucket": "Other",
      "orders": 86,
      "revenue": 27650,
    },
    {
      "averageOrderRevenue": 260.9340659340659,
      "date": "2023-02-16T00:00:00.000Z",
      "geoBucket": "Americas",
      "orders": 91,
      "revenue": 23745,
    },
    {
      "averageOrderRevenue": 280.0701754385965,
      "date": "2023-02-16T00:00:00.000Z",
      "geoBucket": "Asia",
      "orders": 57,
      "revenue": 15964,
    },
    {
      "averageOrderRevenue": 255.17142857142858,
      "date": "2023-02-16T00:00:00.000Z",
      "geoBucket": "Europe",
      "orders": 105,
      "revenue": 26793,
    },
    {
      "averageOrderRevenue": 213.51612903225808,
      "date": "2023-02-16T00:00:00.000Z",
      "geoBucket": "Other",
      "orders": 31,
      "revenue": 6619,
    },
    {
      "averageOrderRevenue": 267.28985507246375,
      "date": "2023-02-17T00:00:00.000Z",
      "geoBucket": "Americas",
      "orders": 69,
      "revenue": 18443,
    },
    {
      "averageOrderRevenue": 281.96666666666664,
      "date": "2023-02-17T00:00:00.000Z",
      "geoBucket": "Asia",
      "orders": 120,
      "revenue": 33836,
    },
    {
      "averageOrderRevenue": 286.325,
      "date": "2023-02-17T00:00:00.000Z",
      "geoBucket": "Europe",
      "orders": 80,
      "revenue": 22906,
    },
    {
      "averageOrderRevenue": 281.225,
      "date": "2023-02-17T00:00:00.000Z",
      "geoBucket": "Other",
      "orders": 80,
      "revenue": 22498,
    },
    {
      "averageOrderRevenue": 270.4264705882353,
      "date": "2023-02-18T00:00:00.000Z",
      "geoBucket": "Americas",
      "orders": 68,
      "revenue": 18389,
    },
    {
      "averageOrderRevenue": 271,
      "date": "2023-02-18T00:00:00.000Z",
      "geoBucket": "Asia",
      "orders": 81,
      "revenue": 21951,
    },
    {
      "averageOrderRevenue": 268.95327102803736,
      "date": "2023-02-18T00:00:00.000Z",
      "geoBucket": "Europe",
      "orders": 107,
      "revenue": 28778,
    },
    {
      "averageOrderRevenue": 285.7676767676768,
      "date": "2023-02-18T00:00:00.000Z",
      "geoBucket": "Other",
      "orders": 99,
      "revenue": 28291,
    },
    {
      "averageOrderRevenue": 288.1090909090909,
      "date": "2023-02-19T00:00:00.000Z",
      "geoBucket": "Americas",
      "orders": 55,
      "revenue": 15846,
    },
    {
      "averageOrderRevenue": 262.5165562913907,
      "date": "2023-02-19T00:00:00.000Z",
      "geoBucket": "Asia",
      "orders": 151,
      "revenue": 39640,
    },
    {
      "averageOrderRevenue": 269.5438596491228,
      "date": "2023-02-19T00:00:00.000Z",
      "geoBucket": "Europe",
      "orders": 57,
      "revenue": 15364,
    },
    {
      "averageOrderRevenue": 282.03846153846155,
      "date": "2023-02-19T00:00:00.000Z",
      "geoBucket": "Other",
      "orders": 52,
      "revenue": 14666,
    },
    {
      "averageOrderRevenue": 242.52631578947367,
      "date": "2023-02-20T00:00:00.000Z",
      "geoBucket": "Americas",
      "orders": 76,
      "revenue": 18432,
    },
    {
      "averageOrderRevenue": 235.40983606557376,
      "date": "2023-02-20T00:00:00.000Z",
      "geoBucket": "Asia",
      "orders": 61,
      "revenue": 14360,
    },
    {
      "averageOrderRevenue": 270.85074626865674,
      "date": "2023-02-20T00:00:00.000Z",
      "geoBucket": "Europe",
      "orders": 67,
      "revenue": 18147,
    },
    {
      "averageOrderRevenue": 251.71428571428572,
      "date": "2023-02-20T00:00:00.000Z",
      "geoBucket": "Other",
      "orders": 42,
      "revenue": 10572,
    },
    {
      "averageOrderRevenue": 329.3783783783784,
      "date": "2023-02-21T00:00:00.000Z",
      "geoBucket": "Americas",
      "orders": 37,
      "revenue": 12187,
    },
    {
      "averageOrderRevenue": 266.12820512820514,
      "date": "2023-02-21T00:00:00.000Z",
      "geoBucket": "Asia",
      "orders": 78,
      "revenue": 20758,
    },
    {
      "averageOrderRevenue": 308,
      "date": "2023-02-21T00:00:00.000Z",
      "geoBucket": "Europe",
      "orders": 64,
      "revenue": 19712,
    },
    {
      "averageOrderRevenue": 273.5595238095238,
      "date": "2023-02-21T00:00:00.000Z",
      "geoBucket": "Other",
      "orders": 84,
      "revenue": 22979,
    },
    {
      "averageOrderRevenue": 273.85714285714283,
      "date": "2023-02-22T00:00:00.000Z",
      "geoBucket": "Americas",
      "orders": 70,
      "revenue": 19170,
    },
    {
      "averageOrderRevenue": 260.09090909090907,
      "date": "2023-02-22T00:00:00.000Z",
      "geoBucket": "Asia",
      "orders": 66,
      "revenue": 17166,
    },
    {
      "averageOrderRevenue": 285.3030303030303,
      "date": "2023-02-22T00:00:00.000Z",
      "geoBucket": "Europe",
      "orders": 33,
      "revenue": 9415,
    },
    {
      "averageOrderRevenue": 286.10309278350513,
      "date": "2023-02-22T00:00:00.000Z",
      "geoBucket": "Other",
      "orders": 97,
      "revenue": 27752,
    },
    {
      "averageOrderRevenue": 245,
      "date": "2023-02-23T00:00:00.000Z",
      "geoBucket": "Americas",
      "orders": 74,
      "revenue": 18130,
    },
    {
      "averageOrderRevenue": 236.4578313253012,
      "date": "2023-02-23T00:00:00.000Z",
      "geoBucket": "Asia",
      "orders": 83,
      "revenue": 19626,
    },
    {
      "averageOrderRevenue": 312.7450980392157,
      "date": "2023-02-23T00:00:00.000Z",
      "geoBucket": "Europe",
      "orders": 51,
      "revenue": 15950,
    },
    {
      "averageOrderRevenue": 305.56410256410254,
      "date": "2023-02-23T00:00:00.000Z",
      "geoBucket": "Other",
      "orders": 78,
      "revenue": 23834,
    },
    {
      "averageOrderRevenue": 233.54545454545453,
      "date": "2023-02-24T00:00:00.000Z",
      "geoBucket": "Americas",
      "orders": 55,
      "revenue": 12845,
    },
    {
      "averageOrderRevenue": 259.7093023255814,
      "date": "2023-02-24T00:00:00.000Z",
      "geoBucket": "Asia",
      "orders": 86,
      "revenue": 22335,
    },
    {
      "averageOrderRevenue": 307.4754098360656,
      "date": "2023-02-24T00:00:00.000Z",
      "geoBucket": "Europe",
      "orders": 61,
      "revenue": 18756,
    },
    {
      "averageOrderRevenue": 278.0869565217391,
      "date": "2023-02-24T00:00:00.000Z",
      "geoBucket": "Other",
      "orders": 92,
      "revenue": 25584,
    },
    {
      "averageOrderRevenue": 257.58947368421053,
      "date": "2023-02-25T00:00:00.000Z",
      "geoBucket": "Americas",
      "orders": 95,
      "revenue": 24471,
    },
    {
      "averageOrderRevenue": 322.1506849315069,
      "date": "2023-02-25T00:00:00.000Z",
      "geoBucket": "Asia",
      "orders": 73,
      "revenue": 23517,
    },
    {
      "averageOrderRevenue": 285.97402597402595,
      "date": "2023-02-25T00:00:00.000Z",
      "geoBucket": "Europe",
      "orders": 77,
      "revenue": 22020,
    },
    {
      "averageOrderRevenue": 291.97457627118644,
      "date": "2023-02-25T00:00:00.000Z",
      "geoBucket": "Other",
      "orders": 118,
      "revenue": 34453,
    },
    {
      "averageOrderRevenue": 251.98275862068965,
      "date": "2023-02-26T00:00:00.000Z",
      "geoBucket": "Americas",
      "orders": 58,
      "revenue": 14615,
    },
    {
      "averageOrderRevenue": 283.2345679012346,
      "date": "2023-02-26T00:00:00.000Z",
      "geoBucket": "Asia",
      "orders": 81,
      "revenue": 22942,
    },
    {
      "averageOrderRevenue": 301.7826086956522,
      "date": "2023-02-26T00:00:00.000Z",
      "geoBucket": "Europe",
      "orders": 69,
      "revenue": 20823,
    },
    {
      "averageOrderRevenue": 295.7142857142857,
      "date": "2023-02-26T00:00:00.000Z",
      "geoBucket": "Other",
      "orders": 98,
      "revenue": 28980,
    },
    {
      "averageOrderRevenue": 259.35,
      "date": "2023-02-27T00:00:00.000Z",
      "geoBucket": "Americas",
      "orders": 80,
      "revenue": 20748,
    },
    {
      "averageOrderRevenue": 216.74193548387098,
      "date": "2023-02-27T00:00:00.000Z",
      "geoBucket": "Asia",
      "orders": 31,
      "revenue": 6719,
    },
    {
      "averageOrderRevenue": 305.7763157894737,
      "date": "2023-02-27T00:00:00.000Z",
      "geoBucket": "Europe",
      "orders": 76,
      "revenue": 23239,
    },
    {
      "averageOrderRevenue": 296.29761904761904,
      "date": "2023-02-27T00:00:00.000Z",
      "geoBucket": "Other",
      "orders": 84,
      "revenue": 24889,
    },
    {
      "averageOrderRevenue": 273.9080459770115,
      "date": "2023-02-28T00:00:00.000Z",
      "geoBucket": "Americas",
      "orders": 87,
      "revenue": 23830,
    },
    {
      "averageOrderRevenue": 366.69767441860466,
      "date": "2023-02-28T00:00:00.000Z",
      "geoBucket": "Asia",
      "orders": 43,
      "revenue": 15768,
    },
    {
      "averageOrderRevenue": 245.86666666666667,
      "date": "2023-02-28T00:00:00.000Z",
      "geoBucket": "Europe",
      "orders": 75,
      "revenue": 18440,
    },
    {
      "averageOrderRevenue": 269.11504424778764,
      "date": "2023-02-28T00:00:00.000Z",
      "geoBucket": "Other",
      "orders": 113,
      "revenue": 30410,
    },
    {
      "averageOrderRevenue": 306.33962264150944,
      "date": "2023-03-01T00:00:00.000Z",
      "geoBucket": "Americas",
      "orders": 53,
      "revenue": 16236,
    },
    {
      "averageOrderRevenue": 285.46478873239437,
      "date": "2023-03-01T00:00:00.000Z",
      "geoBucket": "Asia",
      "orders": 71,
      "revenue": 20268,
    },
    {
      "averageOrderRevenue": 233.59259259259258,
      "date": "2023-03-01T00:00:00.000Z",
      "geoBucket": "Europe",
      "orders": 54,
      "revenue": 12614,
    },
    {
      "averageOrderRevenue": 271.1171171171171,
      "date": "2023-03-01T00:00:00.000Z",
      "geoBucket": "Other",
      "orders": 111,
      "revenue": 30094,
    },
    {
      "averageOrderRevenue": 268.4255319148936,
      "date": "2023-03-02T00:00:00.000Z",
      "geoBucket": "Americas",
      "orders": 47,
      "revenue": 12616,
    },
    {
      "averageOrderRevenue": 271.98387096774195,
      "date": "2023-03-02T00:00:00.000Z",
      "geoBucket": "Asia",
      "orders": 62,
      "revenue": 16863,
    },
    {
      "averageOrderRevenue": 291.5822784810127,
      "date": "2023-03-02T00:00:00.000Z",
      "geoBucket": "Europe",
      "orders": 79,
      "revenue": 23035,
    },
    {
      "averageOrderRevenue": 296.3414634146341,
      "date": "2023-03-02T00:00:00.000Z",
      "geoBucket": "Other",
      "orders": 82,
      "revenue": 24300,
    },
    {
      "averageOrderRevenue": 272.7230769230769,
      "date": "2023-03-03T00:00:00.000Z",
      "geoBucket": "Americas",
      "orders": 65,
      "revenue": 17727,
    },
    {
      "averageOrderRevenue": 289.70212765957444,
      "date": "2023-03-03T00:00:00.000Z",
      "geoBucket": "Asia",
      "orders": 94,
      "revenue": 27232,
    },
    {
      "averageOrderRevenue": 284.5974025974026,
      "date": "2023-03-03T00:00:00.000Z",
      "geoBucket": "Europe",
      "orders": 77,
      "revenue": 21914,
    },
    {
      "averageOrderRevenue": 311.8909090909091,
      "date": "2023-03-03T00:00:00.000Z",
      "geoBucket": "Other",
      "orders": 55,
      "revenue": 17154,
    },
    {
      "averageOrderRevenue": 257.13157894736844,
      "date": "2023-03-04T00:00:00.000Z",
      "geoBucket": "Americas",
      "orders": 76,
      "revenue": 19542,
    },
    {
      "averageOrderRevenue": 263.46153846153845,
      "date": "2023-03-04T00:00:00.000Z",
      "geoBucket": "Asia",
      "orders": 91,
      "revenue": 23975,
    },
    {
      "averageOrderRevenue": 270.5135135135135,
      "date": "2023-03-04T00:00:00.000Z",
      "geoBucket": "Europe",
      "orders": 37,
      "revenue": 10009,
    },
    {
      "averageOrderRevenue": 292.2368421052632,
      "date": "2023-03-04T00:00:00.000Z",
      "geoBucket": "Other",
      "orders": 76,
      "revenue": 22210,
    },
    {
      "averageOrderRevenue": 345.34285714285716,
      "date": "2023-03-05T00:00:00.000Z",
      "geoBucket": "Americas",
      "orders": 35,
      "revenue": 12087,
    },
    {
      "averageOrderRevenue": 269.1904761904762,
      "date": "2023-03-05T00:00:00.000Z",
      "geoBucket": "Asia",
      "orders": 84,
      "revenue": 22612,
    },
    {
      "averageOrderRevenue": 240.625,
      "date": "2023-03-05T00:00:00.000Z",
      "geoBucket": "Europe",
      "orders": 24,
      "revenue": 5775,
    },
    {
      "averageOrderRevenue": 254.24561403508773,
      "date": "2023-03-05T00:00:00.000Z",
      "geoBucket": "Other",
      "orders": 114,
      "revenue": 28984,
    },
    {
      "averageOrderRevenue": 338.2692307692308,
      "date": "2023-03-06T00:00:00.000Z",
      "geoBucket": "Americas",
      "orders": 78,
      "revenue": 26385,
    },
    {
      "averageOrderRevenue": 255.08823529411765,
      "date": "2023-03-06T00:00:00.000Z",
      "geoBucket": "Asia",
      "orders": 34,
      "revenue": 8673,
    },
    {
      "averageOrderRevenue": 269.65384615384613,
      "date": "2023-03-06T00:00:00.000Z",
      "geoBucket": "Europe",
      "orders": 26,
      "revenue": 7011,
    },
    {
      "averageOrderRevenue": 289,
      "date": "2023-03-06T00:00:00.000Z",
      "geoBucket": "Other",
      "orders": 145,
      "revenue": 41905,
    },
    {
      "averageOrderRevenue": 289.03409090909093,
      "date": "2023-03-07T00:00:00.000Z",
      "geoBucket": "Americas",
      "orders": 88,
      "revenue": 25435,
    },
    {
      "averageOrderRevenue": 264.04761904761904,
      "date": "2023-03-07T00:00:00.000Z",
      "geoBucket": "Asia",
      "orders": 63,
      "revenue": 16635,
    },
    {
      "averageOrderRevenue": 261.0348837209302,
      "date": "2023-03-07T00:00:00.000Z",
      "geoBucket": "Europe",
      "orders": 86,
      "revenue": 22449,
    },
    {
      "averageOrderRevenue": 287.972602739726,
      "date": "2023-03-07T00:00:00.000Z",
      "geoBucket": "Other",
      "orders": 73,
      "revenue": 21022,
    },
    {
      "averageOrderRevenue": 255.76699029126215,
      "date": "2023-03-08T00:00:00.000Z",
      "geoBucket": "Americas",
      "orders": 103,
      "revenue": 26344,
    },
    {
      "averageOrderRevenue": 222.56666666666666,
      "date": "2023-03-08T00:00:00.000Z",
      "geoBucket": "Asia",
      "orders": 60,
      "revenue": 13354,
    },
    {
      "averageOrderRevenue": 240.77611940298507,
      "date": "2023-03-08T00:00:00.000Z",
      "geoBucket": "Europe",
      "orders": 67,
      "revenue": 16132,
    },
    {
      "averageOrderRevenue": 281.375,
      "date": "2023-03-08T00:00:00.000Z",
      "geoBucket": "Other",
      "orders": 88,
      "revenue": 24761,
    },
    {
      "averageOrderRevenue": 272.4923076923077,
      "date": "2023-03-09T00:00:00.000Z",
      "geoBucket": "Americas",
      "orders": 65,
      "revenue": 17712,
    },
    {
      "averageOrderRevenue": 286.6136363636364,
      "date": "2023-03-09T00:00:00.000Z",
      "geoBucket": "Asia",
      "orders": 44,
      "revenue": 12611,
    },
    {
      "averageOrderRevenue": 229.96491228070175,
      "date": "2023-03-09T00:00:00.000Z",
      "geoBucket": "Europe",
      "orders": 57,
      "revenue": 13108,
    },
    {
      "averageOrderRevenue": 233.54666666666665,
      "date": "2023-03-09T00:00:00.000Z",
      "geoBucket": "Other",
      "orders": 75,
      "revenue": 17516,
    },
  ],
}
`;

exports[`/api/geo-bucket-stats /total responds with total stats for the timerange 1`] = `
{
  "totalStats": [
    {
      "averageOrderRevenue": 275.1951865649312,
      "geoBucket": "Americas",
      "orders": 4955,
      "revenue": 1366413,
    },
    {
      "averageOrderRevenue": 281.11821113028543,
      "geoBucket": "Asia",
      "orders": 5045,
      "revenue": 1418625,
    },
    {
      "averageOrderRevenue": 274.2536006593722,
      "geoBucket": "Europe",
      "orders": 5045,
      "revenue": 1390519,
    },
    {
      "averageOrderRevenue": 276.0241764510429,
      "geoBucket": "Other",
      "orders": 5329,
      "revenue": 1480474,
    },
  ],
}
`;
