// Jest Snapshot v1, https://goo.gl/fbAQLP

exports[`/api/platform-stats /day responds with daily stats for the timerange 1`] = `
{
  "dayStats": [
    {
      "averageOrderRevenue": 283.51162790697674,
      "date": "2023-01-01T00:00:00.000Z",
      "orders": 43,
      "platform": "Allegro",
      "revenue": 12191,
    },
    {
      "averageOrderRevenue": 289.296875,
      "date": "2023-01-01T00:00:00.000Z",
      "orders": 64,
      "platform": "Amazon",
      "revenue": 18515,
    },
    {
      "averageOrderRevenue": 250.58620689655172,
      "date": "2023-01-01T00:00:00.000Z",
      "orders": 87,
      "platform": "Ebay",
      "revenue": 21801,
    },
    {
      "averageOrderRevenue": 308.8888888888889,
      "date": "2023-01-01T00:00:00.000Z",
      "orders": 54,
      "platform": "Farfetch",
      "revenue": 16680,
    },
    {
      "averageOrderRevenue": 290.5964912280702,
      "date": "2023-01-02T00:00:00.000Z",
      "orders": 57,
      "platform": "Allegro",
      "revenue": 16564,
    },
    {
      "averageOrderRevenue": 296.9830508474576,
      "date": "2023-01-02T00:00:00.000Z",
      "orders": 59,
      "platform": "Amazon",
      "revenue": 17522,
    },
    {
      "averageOrderRevenue": 284.3382352941176,
      "date": "2023-01-02T00:00:00.000Z",
      "orders": 68,
      "platform": "Ebay",
      "revenue": 19335,
    },
    {
      "averageOrderRevenue": 271.6862745098039,
      "date": "2023-01-02T00:00:00.000Z",
      "orders": 51,
      "platform": "Farfetch",
      "revenue": 13856,
    },
    {
      "averageOrderRevenue": 262.87719298245617,
      "date": "2023-01-03T00:00:00.000Z",
      "orders": 57,
      "platform": "Allegro",
      "revenue": 14984,
    },
    {
      "averageOrderRevenue": 249.12727272727273,
      "date": "2023-01-03T00:00:00.000Z",
      "orders": 55,
      "platform": "Amazon",
      "revenue": 13702,
    },
    {
      "averageOrderRevenue": 269.3619047619048,
      "date": "2023-01-03T00:00:00.000Z",
      "orders": 105,
      "platform": "Ebay",
      "revenue": 28283,
    },
    {
      "averageOrderRevenue": 255.3372093023256,
      "date": "2023-01-03T00:00:00.000Z",
      "orders": 86,
      "platform": "Farfetch",
      "revenue": 21959,
    },
    {
      "averageOrderRevenue": 307.91911764705884,
      "date": "2023-01-04T00:00:00.000Z",
      "orders": 136,
      "platform": "Allegro",
      "revenue": 41877,
    },
    {
      "averageOrderRevenue": 298.29411764705884,
      "date": "2023-01-04T00:00:00.000Z",
      "orders": 51,
      "platform": "Amazon",
      "revenue": 15213,
    },
    {
      "averageOrderRevenue": 352.6707317073171,
      "date": "2023-01-04T00:00:00.000Z",
      "orders": 82,
      "platform": "Ebay",
      "revenue": 28919,
    },
    {
      "averageOrderRevenue": 295.04901960784315,
      "date": "2023-01-04T00:00:00.000Z",
      "orders": 102,
      "platform": "Farfetch",
      "revenue": 30095,
    },
    {
      "averageOrderRevenue": 288.9594594594595,
      "date": "2023-01-05T00:00:00.000Z",
      "orders": 74,
      "platform": "Allegro",
      "revenue": 21383,
    },
    {
      "averageOrderRevenue": 262.88079470198676,
      "date": "2023-01-05T00:00:00.000Z",
      "orders": 151,
      "platform": "Amazon",
      "revenue": 39695,
    },
    {
      "averageOrderRevenue": 262.44262295081967,
      "date": "2023-01-05T00:00:00.000Z",
      "orders": 61,
      "platform": "Ebay",
      "revenue": 16009,
    },
    {
      "averageOrderRevenue": 313.05128205128204,
      "date": "2023-01-05T00:00:00.000Z",
      "orders": 39,
      "platform": "Farfetch",
      "revenue": 12209,
    },
    {
      "averageOrderRevenue": 272.7826086956522,
      "date": "2023-01-06T00:00:00.000Z",
      "orders": 92,
      "platform": "Allegro",
      "revenue": 25096,
    },
    {
      "averageOrderRevenue": 318.5,
      "date": "2023-01-06T00:00:00.000Z",
      "orders": 26,
      "platform": "Amazon",
      "revenue": 8281,
    },
    {
      "averageOrderRevenue": 298.4623655913978,
      "date": "2023-01-06T00:00:00.000Z",
      "orders": 93,
      "platform": "Ebay",
      "revenue": 27757,
    },
    {
      "averageOrderRevenue": 267.25563909774434,
      "date": "2023-01-06T00:00:00.000Z",
      "orders": 133,
      "platform": "Farfetch",
      "revenue": 35545,
    },
    {
      "averageOrderRevenue": 285.98130841121497,
      "date": "2023-01-07T00:00:00.000Z",
      "orders": 107,
      "platform": "Allegro",
      "revenue": 30600,
    },
    {
      "averageOrderRevenue": 248.02173913043478,
      "date": "2023-01-07T00:00:00.000Z",
      "orders": 92,
      "platform": "Amazon",
      "revenue": 22818,
    },
    {
      "averageOrderRevenue": 314.1067961165049,
      "date": "2023-01-07T00:00:00.000Z",
      "orders": 103,
      "platform": "Ebay",
      "revenue": 32353,
    },
    {
      "averageOrderRevenue": 268.93150684931504,
      "date": "2023-01-07T00:00:00.000Z",
      "orders": 73,
      "platform": "Farfetch",
      "revenue": 19632,
    },
    {
      "averageOrderRevenue": 333.3818181818182,
      "date": "2023-01-08T00:00:00.000Z",
      "orders": 55,
      "platform": "Allegro",
      "revenue": 18336,
    },
    {
      "averageOrderRevenue": 265.7313432835821,
      "date": "2023-01-08T00:00:00.000Z",
      "orders": 67,
      "platform": "Amazon",
      "revenue": 17804,
    },
    {
      "averageOrderRevenue": 294.9139784946237,
      "date": "2023-01-08T00:00:00.000Z",
      "orders": 93,
      "platform": "Ebay",
      "revenue": 27427,
    },
    {
      "averageOrderRevenue": 309.6868686868687,
      "date": "2023-01-08T00:00:00.000Z",
      "orders": 99,
      "platform": "Farfetch",
      "revenue": 30659,
    },
    {
      "averageOrderRevenue": 316.6216216216216,
      "date": "2023-01-09T00:00:00.000Z",
      "orders": 37,
      "platform": "Allegro",
      "revenue": 11715,
    },
    {
      "averageOrderRevenue": 304.937106918239,
      "date": "2023-01-09T00:00:00.000Z",
      "orders": 159,
      "platform": "Amazon",
      "revenue": 48485,
    },
    {
      "averageOrderRevenue": 260.6818181818182,
      "date": "2023-01-09T00:00:00.000Z",
      "orders": 110,
      "platform": "Ebay",
      "revenue": 28675,
    },
    {
      "averageOrderRevenue": 260.64367816091954,
      "date": "2023-01-09T00:00:00.000Z",
      "orders": 87,
      "platform": "Farfetch",
      "revenue": 22676,
    },
    {
      "averageOrderRevenue": 259.7846153846154,
      "date": "2023-01-10T00:00:00.000Z",
      "orders": 65,
      "platform": "Allegro",
      "revenue": 16886,
    },
    {
      "averageOrderRevenue": 306.34177215189874,
      "date": "2023-01-10T00:00:00.000Z",
      "orders": 79,
      "platform": "Amazon",
      "revenue": 24201,
    },
    {
      "averageOrderRevenue": 271.98333333333335,
      "date": "2023-01-10T00:00:00.000Z",
      "orders": 120,
      "platform": "Ebay",
      "revenue": 32638,
    },
    {
      "averageOrderRevenue": 250.14285714285714,
      "date": "2023-01-10T00:00:00.000Z",
      "orders": 56,
      "platform": "Farfetch",
      "revenue": 14008,
    },
    {
      "averageOrderRevenue": 308.5964912280702,
      "date": "2023-01-11T00:00:00.000Z",
      "orders": 57,
      "platform": "Allegro",
      "revenue": 17590,
    },
    {
      "averageOrderRevenue": 277.18840579710144,
      "date": "2023-01-11T00:00:00.000Z",
      "orders": 69,
      "platform": "Amazon",
      "revenue": 19126,
    },
    {
      "averageOrderRevenue": 284.44,
      "date": "2023-01-11T00:00:00.000Z",
      "orders": 100,
      "platform": "Ebay",
      "revenue": 28444,
    },
    {
      "averageOrderRevenue": 271.9,
      "date": "2023-01-11T00:00:00.000Z",
      "orders": 60,
      "platform": "Farfetch",
      "revenue": 16314,
    },
    {
      "averageOrderRevenue": 277.85714285714283,
      "date": "2023-01-12T00:00:00.000Z",
      "orders": 49,
      "platform": "Allegro",
      "revenue": 13615,
    },
    {
      "averageOrderRevenue": 223.475,
      "date": "2023-01-12T00:00:00.000Z",
      "orders": 40,
      "platform": "Amazon",
      "revenue": 8939,
    },
    {
      "averageOrderRevenue": 268.0740740740741,
      "date": "2023-01-12T00:00:00.000Z",
      "orders": 54,
      "platform": "Ebay",
      "revenue": 14476,
    },
    {
      "averageOrderRevenue": 253.5979381443299,
      "date": "2023-01-12T00:00:00.000Z",
      "orders": 97,
      "platform": "Farfetch",
      "revenue": 24599,
    },
    {
      "averageOrderRevenue": 291.6063829787234,
      "date": "2023-01-13T00:00:00.000Z",
      "orders": 94,
      "platform": "Allegro",
      "revenue": 27411,
    },
    {
      "averageOrderRevenue": 317.9032258064516,
      "date": "2023-01-13T00:00:00.000Z",
      "orders": 31,
      "platform": "Amazon",
      "revenue": 9855,
    },
    {
      "averageOrderRevenue": 257.80882352941177,
      "date": "2023-01-13T00:00:00.000Z",
      "orders": 68,
      "platform": "Ebay",
      "revenue": 17531,
    },
    {
      "averageOrderRevenue": 254.63513513513513,
      "date": "2023-01-13T00:00:00.000Z",
      "orders": 74,
      "platform": "Farfetch",
      "revenue": 18843,
    },
    {
      "averageOrderRevenue": 290.75,
      "date": "2023-01-14T00:00:00.000Z",
      "orders": 76,
      "platform": "Allegro",
      "revenue": 22097,
    },
    {
      "averageOrderRevenue": 265.22972972972974,
      "date": "2023-01-14T00:00:00.000Z",
      "orders": 74,
      "platform": "Amazon",
      "revenue": 19627,
    },
    {
      "averageOrderRevenue": 278.9375,
      "date": "2023-01-14T00:00:00.000Z",
      "orders": 112,
      "platform": "Ebay",
      "revenue": 31241,
    },
    {
      "averageOrderRevenue": 308.609375,
      "date": "2023-01-14T00:00:00.000Z",
      "orders": 64,
      "platform": "Farfetch",
      "revenue": 19751,
    },
    {
      "averageOrderRevenue": 259.6376811594203,
      "date": "2023-01-15T00:00:00.000Z",
      "orders": 69,
      "platform": "Allegro",
      "revenue": 17915,
    },
    {
      "averageOrderRevenue": 290.2638888888889,
      "date": "2023-01-15T00:00:00.000Z",
      "orders": 72,
      "platform": "Amazon",
      "revenue": 20899,
    },
    {
      "averageOrderRevenue": 293.7181818181818,
      "date": "2023-01-15T00:00:00.000Z",
      "orders": 110,
      "platform": "Ebay",
      "revenue": 32309,
    },
    {
      "averageOrderRevenue": 260.1232876712329,
      "date": "2023-01-15T00:00:00.000Z",
      "orders": 73,
      "platform": "Farfetch",
      "revenue": 18989,
    },
    {
      "averageOrderRevenue": 234.59701492537314,
      "date": "2023-01-16T00:00:00.000Z",
      "orders": 67,
      "platform": "Allegro",
      "revenue": 15718,
    },
    {
      "averageOrderRevenue": 271.9714285714286,
      "date": "2023-01-16T00:00:00.000Z",
      "orders": 70,
      "platform": "Amazon",
      "revenue": 19038,
    },
    {
      "averageOrderRevenue": 280.92045454545456,
      "date": "2023-01-16T00:00:00.000Z",
      "orders": 88,
      "platform": "Ebay",
      "revenue": 24721,
    },
    {
      "averageOrderRevenue": 317.90816326530614,
      "date": "2023-01-16T00:00:00.000Z",
      "orders": 98,
      "platform": "Farfetch",
      "revenue": 31155,
    },
    {
      "averageOrderRevenue": 267.37931034482756,
      "date": "2023-01-17T00:00:00.000Z",
      "orders": 58,
      "platform": "Allegro",
      "revenue": 15508,
    },
    {
      "averageOrderRevenue": 253.58536585365854,
      "date": "2023-01-17T00:00:00.000Z",
      "orders": 41,
      "platform": "Amazon",
      "revenue": 10397,
    },
    {
      "averageOrderRevenue": 254.51401869158877,
      "date": "2023-01-17T00:00:00.000Z",
      "orders": 107,
      "platform": "Ebay",
      "revenue": 27233,
    },
    {
      "averageOrderRevenue": 233.6986301369863,
      "date": "2023-01-17T00:00:00.000Z",
      "orders": 73,
      "platform": "Farfetch",
      "revenue": 17060,
    },
    {
      "averageOrderRevenue": 282.6190476190476,
      "date": "2023-01-18T00:00:00.000Z",
      "orders": 63,
      "platform": "Allegro",
      "revenue": 17805,
    },
    {
      "averageOrderRevenue": 255.6551724137931,
      "date": "2023-01-18T00:00:00.000Z",
      "orders": 87,
      "platform": "Amazon",
      "revenue": 22242,
    },
    {
      "averageOrderRevenue": 254.83673469387756,
      "date": "2023-01-18T00:00:00.000Z",
      "orders": 49,
      "platform": "Ebay",
      "revenue": 12487,
    },
    {
      "averageOrderRevenue": 258.92134831460675,
      "date": "2023-01-18T00:00:00.000Z",
      "orders": 89,
      "platform": "Farfetch",
      "revenue": 23044,
    },
    {
      "averageOrderRevenue": 315.76237623762376,
      "date": "2023-01-19T00:00:00.000Z",
      "orders": 101,
      "platform": "Allegro",
      "revenue": 31892,
    },
    {
      "averageOrderRevenue": 317.77,
      "date": "2023-01-19T00:00:00.000Z",
      "orders": 100,
      "platform": "Amazon",
      "revenue": 31777,
    },
    {
      "averageOrderRevenue": 257.9634146341463,
      "date": "2023-01-19T00:00:00.000Z",
      "orders": 82,
      "platform": "Ebay",
      "revenue": 21153,
    },
    {
      "averageOrderRevenue": 239.18867924528303,
      "date": "2023-01-19T00:00:00.000Z",
      "orders": 53,
      "platform": "Farfetch",
      "revenue": 12677,
    },
    {
      "averageOrderRevenue": 260.94,
      "date": "2023-01-20T00:00:00.000Z",
      "orders": 50,
      "platform": "Allegro",
      "revenue": 13047,
    },
    {
      "averageOrderRevenue": 298.31666666666666,
      "date": "2023-01-20T00:00:00.000Z",
      "orders": 60,
      "platform": "Amazon",
      "revenue": 17899,
    },
    {
      "averageOrderRevenue": 250.3030303030303,
      "date": "2023-01-20T00:00:00.000Z",
      "orders": 66,
      "platform": "Ebay",
      "revenue": 16520,
    },
    {
      "averageOrderRevenue": 252.5595238095238,
      "date": "2023-01-20T00:00:00.000Z",
      "orders": 84,
      "platform": "Farfetch",
      "revenue": 21215,
    },
    {
      "averageOrderRevenue": 269.6914893617021,
      "date": "2023-01-21T00:00:00.000Z",
      "orders": 94,
      "platform": "Allegro",
      "revenue": 25351,
    },
    {
      "averageOrderRevenue": 285.4431818181818,
      "date": "2023-01-21T00:00:00.000Z",
      "orders": 88,
      "platform": "Amazon",
      "revenue": 25119,
    },
    {
      "averageOrderRevenue": 282.58620689655174,
      "date": "2023-01-21T00:00:00.000Z",
      "orders": 87,
      "platform": "Ebay",
      "revenue": 24585,
    },
    {
      "averageOrderRevenue": 287.06481481481484,
      "date": "2023-01-21T00:00:00.000Z",
      "orders": 108,
      "platform": "Farfetch",
      "revenue": 31003,
    },
    {
      "averageOrderRevenue": 268.9852941176471,
      "date": "2023-01-22T00:00:00.000Z",
      "orders": 68,
      "platform": "Allegro",
      "revenue": 18291,
    },
    {
      "averageOrderRevenue": 301.6559139784946,
      "date": "2023-01-22T00:00:00.000Z",
      "orders": 93,
      "platform": "Amazon",
      "revenue": 28054,
    },
    {
      "averageOrderRevenue": 277.359375,
      "date": "2023-01-22T00:00:00.000Z",
      "orders": 64,
      "platform": "Ebay",
      "revenue": 17751,
    },
    {
      "averageOrderRevenue": 311.1855670103093,
      "date": "2023-01-22T00:00:00.000Z",
      "orders": 97,
      "platform": "Farfetch",
      "revenue": 30185,
    },
    {
      "averageOrderRevenue": 272.1525423728813,
      "date": "2023-01-23T00:00:00.000Z",
      "orders": 59,
      "platform": "Allegro",
      "revenue": 16057,
    },
    {
      "averageOrderRevenue": 274.17857142857144,
      "date": "2023-01-23T00:00:00.000Z",
      "orders": 56,
      "platform": "Amazon",
      "revenue": 15354,
    },
    {
      "averageOrderRevenue": 264.1136363636364,
      "date": "2023-01-23T00:00:00.000Z",
      "orders": 44,
      "platform": "Ebay",
      "revenue": 11621,
    },
    {
      "averageOrderRevenue": 269.81481481481484,
      "date": "2023-01-23T00:00:00.000Z",
      "orders": 54,
      "platform": "Farfetch",
      "revenue": 14570,
    },
    {
      "averageOrderRevenue": 293.26027397260276,
      "date": "2023-01-24T00:00:00.000Z",
      "orders": 73,
      "platform": "Allegro",
      "revenue": 21408,
    },
    {
      "averageOrderRevenue": 269.64,
      "date": "2023-01-24T00:00:00.000Z",
      "orders": 25,
      "platform": "Amazon",
      "revenue": 6741,
    },
    {
      "averageOrderRevenue": 285.47945205479454,
      "date": "2023-01-24T00:00:00.000Z",
      "orders": 73,
      "platform": "Ebay",
      "revenue": 20840,
    },
    {
      "averageOrderRevenue": 284.9433962264151,
      "date": "2023-01-24T00:00:00.000Z",
      "orders": 53,
      "platform": "Farfetch",
      "revenue": 15102,
    },
    {
      "averageOrderRevenue": 309.78761061946904,
      "date": "2023-01-25T00:00:00.000Z",
      "orders": 113,
      "platform": "Allegro",
      "revenue": 35006,
    },
    {
      "averageOrderRevenue": 261.35,
      "date": "2023-01-25T00:00:00.000Z",
      "orders": 60,
      "platform": "Amazon",
      "revenue": 15681,
    },
    {
      "averageOrderRevenue": 244.93421052631578,
      "date": "2023-01-25T00:00:00.000Z",
      "orders": 76,
      "platform": "Ebay",
      "revenue": 18615,
    },
    {
      "averageOrderRevenue": 323.010989010989,
      "date": "2023-01-25T00:00:00.000Z",
      "orders": 91,
      "platform": "Farfetch",
      "revenue": 29394,
    },
    {
      "averageOrderRevenue": 247.54545454545453,
      "date": "2023-01-26T00:00:00.000Z",
      "orders": 88,
      "platform": "Allegro",
      "revenue": 21784,
    },
    {
      "averageOrderRevenue": 316.0232558139535,
      "date": "2023-01-26T00:00:00.000Z",
      "orders": 129,
      "platform": "Amazon",
      "revenue": 40767,
    },
    {
      "averageOrderRevenue": 285.33663366336634,
      "date": "2023-01-26T00:00:00.000Z",
      "orders": 101,
      "platform": "Ebay",
      "revenue": 28819,
    },
    {
      "averageOrderRevenue": 256.25373134328356,
      "date": "2023-01-26T00:00:00.000Z",
      "orders": 67,
      "platform": "Farfetch",
      "revenue": 17169,
    },
    {
      "averageOrderRevenue": 276.43939393939394,
      "date": "2023-01-27T00:00:00.000Z",
      "orders": 66,
      "platform": "Allegro",
      "revenue": 18245,
    },
    {
      "averageOrderRevenue": 256.3008849557522,
      "date": "2023-01-27T00:00:00.000Z",
      "orders": 113,
      "platform": "Amazon",
      "revenue": 28962,
    },
    {
      "averageOrderRevenue": 301.48979591836735,
      "date": "2023-01-27T00:00:00.000Z",
      "orders": 49,
      "platform": "Ebay",
      "revenue": 14773,
    },
    {
      "averageOrderRevenue": 256.13978494623655,
      "date": "2023-01-27T00:00:00.000Z",
      "orders": 93,
      "platform": "Farfetch",
      "revenue": 23821,
    },
    {
      "averageOrderRevenue": 251.78688524590163,
      "date": "2023-01-28T00:00:00.000Z",
      "orders": 61,
      "platform": "Allegro",
      "revenue": 15359,
    },
    {
      "averageOrderRevenue": 328.3333333333333,
      "date": "2023-01-28T00:00:00.000Z",
      "orders": 27,
      "platform": "Amazon",
      "revenue": 8865,
    },
    {
      "averageOrderRevenue": 299.34328358208955,
      "date": "2023-01-28T00:00:00.000Z",
      "orders": 67,
      "platform": "Ebay",
      "revenue": 20056,
    },
    {
      "averageOrderRevenue": 263.97014925373134,
      "date": "2023-01-28T00:00:00.000Z",
      "orders": 67,
      "platform": "Farfetch",
      "revenue": 17686,
    },
    {
      "averageOrderRevenue": 315.5584415584416,
      "date": "2023-01-29T00:00:00.000Z",
      "orders": 77,
      "platform": "Allegro",
      "revenue": 24298,
    },
    {
      "averageOrderRevenue": 287.4935064935065,
      "date": "2023-01-29T00:00:00.000Z",
      "orders": 77,
      "platform": "Amazon",
      "revenue": 22137,
    },
    {
      "averageOrderRevenue": 313.39130434782606,
      "date": "2023-01-29T00:00:00.000Z",
      "orders": 92,
      "platform": "Ebay",
      "revenue": 28832,
    },
    {
      "averageOrderRevenue": 234.54545454545453,
      "date": "2023-01-29T00:00:00.000Z",
      "orders": 121,
      "platform": "Farfetch",
      "revenue": 28380,
    },
    {
      "averageOrderRevenue": 294.8101265822785,
      "date": "2023-01-30T00:00:00.000Z",
      "orders": 79,
      "platform": "Allegro",
      "revenue": 23290,
    },
    {
      "averageOrderRevenue": 287.2110091743119,
      "date": "2023-01-30T00:00:00.000Z",
      "orders": 109,
      "platform": "Amazon",
      "revenue": 31306,
    },
    {
      "averageOrderRevenue": 259.8478260869565,
      "date": "2023-01-30T00:00:00.000Z",
      "orders": 46,
      "platform": "Ebay",
      "revenue": 11953,
    },
    {
      "averageOrderRevenue": 247.67123287671234,
      "date": "2023-01-30T00:00:00.000Z",
      "orders": 73,
      "platform": "Farfetch",
      "revenue": 18080,
    },
    {
      "averageOrderRevenue": 264.3333333333333,
      "date": "2023-01-31T00:00:00.000Z",
      "orders": 45,
      "platform": "Allegro",
      "revenue": 11895,
    },
    {
      "averageOrderRevenue": 258.20535714285717,
      "date": "2023-01-31T00:00:00.000Z",
      "orders": 112,
      "platform": "Amazon",
      "revenue": 28919,
    },
    {
      "averageOrderRevenue": 273.8888888888889,
      "date": "2023-01-31T00:00:00.000Z",
      "orders": 36,
      "platform": "Ebay",
      "revenue": 9860,
    },
    {
      "averageOrderRevenue": 195.07692307692307,
      "date": "2023-01-31T00:00:00.000Z",
      "orders": 39,
      "platform": "Farfetch",
      "revenue": 7608,
    },
    {
      "averageOrderRevenue": 297.9855072463768,
      "date": "2023-02-01T00:00:00.000Z",
      "orders": 69,
      "platform": "Allegro",
      "revenue": 20561,
    },
    {
      "averageOrderRevenue": 277.4109589041096,
      "date": "2023-02-01T00:00:00.000Z",
      "orders": 73,
      "platform": "Amazon",
      "revenue": 20251,
    },
    {
      "averageOrderRevenue": 300.16129032258067,
      "date": "2023-02-01T00:00:00.000Z",
      "orders": 93,
      "platform": "Ebay",
      "revenue": 27915,
    },
    {
      "averageOrderRevenue": 309.4074074074074,
      "date": "2023-02-01T00:00:00.000Z",
      "orders": 54,
      "platform": "Farfetch",
      "revenue": 16708,
    },
    {
      "averageOrderRevenue": 252.42307692307693,
      "date": "2023-02-02T00:00:00.000Z",
      "orders": 52,
      "platform": "Allegro",
      "revenue": 13126,
    },
    {
      "averageOrderRevenue": 258.9855072463768,
      "date": "2023-02-02T00:00:00.000Z",
      "orders": 69,
      "platform": "Amazon",
      "revenue": 17870,
    },
    {
      "averageOrderRevenue": 297,
      "date": "2023-02-02T00:00:00.000Z",
      "orders": 65,
      "platform": "Ebay",
      "revenue": 19305,
    },
    {
      "averageOrderRevenue": 299.18823529411765,
      "date": "2023-02-02T00:00:00.000Z",
      "orders": 85,
      "platform": "Farfetch",
      "revenue": 25431,
    },
    {
      "averageOrderRevenue": 279.6933333333333,
      "date": "2023-02-03T00:00:00.000Z",
      "orders": 75,
      "platform": "Allegro",
      "revenue": 20977,
    },
    {
      "averageOrderRevenue": 228.67924528301887,
      "date": "2023-02-03T00:00:00.000Z",
      "orders": 53,
      "platform": "Amazon",
      "revenue": 12120,
    },
    {
      "averageOrderRevenue": 273.11290322580646,
      "date": "2023-02-03T00:00:00.000Z",
      "orders": 62,
      "platform": "Ebay",
      "revenue": 16933,
    },
    {
      "averageOrderRevenue": 212.85714285714286,
      "date": "2023-02-03T00:00:00.000Z",
      "orders": 28,
      "platform": "Farfetch",
      "revenue": 5960,
    },
    {
      "averageOrderRevenue": 276.9263157894737,
      "date": "2023-02-04T00:00:00.000Z",
      "orders": 95,
      "platform": "Allegro",
      "revenue": 26308,
    },
    {
      "averageOrderRevenue": 269.4621848739496,
      "date": "2023-02-04T00:00:00.000Z",
      "orders": 119,
      "platform": "Amazon",
      "revenue": 32066,
    },
    {
      "averageOrderRevenue": 274.81481481481484,
      "date": "2023-02-04T00:00:00.000Z",
      "orders": 81,
      "platform": "Ebay",
      "revenue": 22260,
    },
    {
      "averageOrderRevenue": 275.4269662921348,
      "date": "2023-02-04T00:00:00.000Z",
      "orders": 89,
      "platform": "Farfetch",
      "revenue": 24513,
    },
    {
      "averageOrderRevenue": 279.4020618556701,
      "date": "2023-02-05T00:00:00.000Z",
      "orders": 97,
      "platform": "Allegro",
      "revenue": 27102,
    },
    {
      "averageOrderRevenue": 300.65384615384613,
      "date": "2023-02-05T00:00:00.000Z",
      "orders": 78,
      "platform": "Amazon",
      "revenue": 23451,
    },
    {
      "averageOrderRevenue": 266.4605263157895,
      "date": "2023-02-05T00:00:00.000Z",
      "orders": 76,
      "platform": "Ebay",
      "revenue": 20251,
    },
    {
      "averageOrderRevenue": 261.1578947368421,
      "date": "2023-02-05T00:00:00.000Z",
      "orders": 57,
      "platform": "Farfetch",
      "revenue": 14886,
    },
    {
      "averageOrderRevenue": 302.2111111111111,
      "date": "2023-02-06T00:00:00.000Z",
      "orders": 90,
      "platform": "Allegro",
      "revenue": 27199,
    },
    {
      "averageOrderRevenue": 314.140625,
      "date": "2023-02-06T00:00:00.000Z",
      "orders": 64,
      "platform": "Amazon",
      "revenue": 20105,
    },
    {
      "averageOrderRevenue": 270.3787878787879,
      "date": "2023-02-06T00:00:00.000Z",
      "orders": 66,
      "platform": "Ebay",
      "revenue": 17845,
    },
    {
      "averageOrderRevenue": 255.32608695652175,
      "date": "2023-02-06T00:00:00.000Z",
      "orders": 92,
      "platform": "Farfetch",
      "revenue": 23490,
    },
    {
      "averageOrderRevenue": 275.1320754716981,
      "date": "2023-02-07T00:00:00.000Z",
      "orders": 106,
      "platform": "Allegro",
      "revenue": 29164,
    },
    {
      "averageOrderRevenue": 309.3666666666667,
      "date": "2023-02-07T00:00:00.000Z",
      "orders": 60,
      "platform": "Amazon",
      "revenue": 18562,
    },
    {
      "averageOrderRevenue": 293.4117647058824,
      "date": "2023-02-07T00:00:00.000Z",
      "orders": 34,
      "platform": "Ebay",
      "revenue": 9976,
    },
    {
      "averageOrderRevenue": 275.8103448275862,
      "date": "2023-02-07T00:00:00.000Z",
      "orders": 58,
      "platform": "Farfetch",
      "revenue": 15997,
    },
    {
      "averageOrderRevenue": 243.60759493670886,
      "date": "2023-02-08T00:00:00.000Z",
      "orders": 79,
      "platform": "Allegro",
      "revenue": 19245,
    },
    {
      "averageOrderRevenue": 278.2197802197802,
      "date": "2023-02-08T00:00:00.000Z",
      "orders": 91,
      "platform": "Amazon",
      "revenue": 25318,
    },
    {
      "averageOrderRevenue": 301.75652173913045,
      "date": "2023-02-08T00:00:00.000Z",
      "orders": 115,
      "platform": "Ebay",
      "revenue": 34702,
    },
    {
      "averageOrderRevenue": 273.5192307692308,
      "date": "2023-02-08T00:00:00.000Z",
      "orders": 52,
      "platform": "Farfetch",
      "revenue": 14223,
    },
    {
      "averageOrderRevenue": 254.1829268292683,
      "date": "2023-02-09T00:00:00.000Z",
      "orders": 82,
      "platform": "Allegro",
      "revenue": 20843,
    },
    {
      "averageOrderRevenue": 319.2068965517241,
      "date": "2023-02-09T00:00:00.000Z",
      "orders": 58,
      "platform": "Amazon",
      "revenue": 18514,
    },
    {
      "averageOrderRevenue": 309.82666666666665,
      "date": "2023-02-09T00:00:00.000Z",
      "orders": 75,
      "platform": "Ebay",
      "revenue": 23237,
    },
    {
      "averageOrderRevenue": 254.66176470588235,
      "date": "2023-02-09T00:00:00.000Z",
      "orders": 68,
      "platform": "Farfetch",
      "revenue": 17317,
    },
    {
      "averageOrderRevenue": 251.71764705882353,
      "date": "2023-02-10T00:00:00.000Z",
      "orders": 85,
      "platform": "Allegro",
      "revenue": 21396,
    },
    {
      "averageOrderRevenue": 264.56382978723406,
      "date": "2023-02-10T00:00:00.000Z",
      "orders": 94,
      "platform": "Amazon",
      "revenue": 24869,
    },
    {
      "averageOrderRevenue": 260.9189189189189,
      "date": "2023-02-10T00:00:00.000Z",
      "orders": 74,
      "platform": "Ebay",
      "revenue": 19308,
    },
    {
      "averageOrderRevenue": 236.63888888888889,
      "date": "2023-02-10T00:00:00.000Z",
      "orders": 36,
      "platform": "Farfetch",
      "revenue": 8519,
    },
    {
      "averageOrderRevenue": 281.7361111111111,
      "date": "2023-02-11T00:00:00.000Z",
      "orders": 72,
      "platform": "Allegro",
      "revenue": 20285,
    },
    {
      "averageOrderRevenue": 283.35164835164835,
      "date": "2023-02-11T00:00:00.000Z",
      "orders": 91,
      "platform": "Amazon",
      "revenue": 25785,
    },
    {
      "averageOrderRevenue": 310.7733333333333,
      "date": "2023-02-11T00:00:00.000Z",
      "orders": 75,
      "platform": "Ebay",
      "revenue": 23308,
    },
    {
      "averageOrderRevenue": 294.74603174603175,
      "date": "2023-02-11T00:00:00.000Z",
      "orders": 63,
      "platform": "Farfetch",
      "revenue": 18569,
    },
    {
      "averageOrderRevenue": 290.44554455445547,
      "date": "2023-02-12T00:00:00.000Z",
      "orders": 101,
      "platform": "Allegro",
      "revenue": 29335,
    },
    {
      "averageOrderRevenue": 269.74074074074076,
      "date": "2023-02-12T00:00:00.000Z",
      "orders": 54,
      "platform": "Amazon",
      "revenue": 14566,
    },
    {
      "averageOrderRevenue": 269.58620689655174,
      "date": "2023-02-12T00:00:00.000Z",
      "orders": 58,
      "platform": "Ebay",
      "revenue": 15636,
    },
    {
      "averageOrderRevenue": 286.7525773195876,
      "date": "2023-02-12T00:00:00.000Z",
      "orders": 97,
      "platform": "Farfetch",
      "revenue": 27815,
    },
    {
      "averageOrderRevenue": 257.06382978723406,
      "date": "2023-02-13T00:00:00.000Z",
      "orders": 47,
      "platform": "Allegro",
      "revenue": 12082,
    },
    {
      "averageOrderRevenue": 252.975,
      "date": "2023-02-13T00:00:00.000Z",
      "orders": 80,
      "platform": "Amazon",
      "revenue": 20238,
    },
    {
      "averageOrderRevenue": 230.046875,
      "date": "2023-02-13T00:00:00.000Z",
      "orders": 64,
      "platform": "Ebay",
      "revenue": 14723,
    },
    {
      "averageOrderRevenue": 276.48,
      "date": "2023-02-13T00:00:00.000Z",
      "orders": 125,
      "platform": "Farfetch",
      "revenue": 34560,
    },
    {
      "averageOrderRevenue": 218.04166666666666,
      "date": "2023-02-14T00:00:00.000Z",
      "orders": 48,
      "platform": "Allegro",
      "revenue": 10466,
    },
    {
      "averageOrderRevenue": 250.3181818181818,
      "date": "2023-02-14T00:00:00.000Z",
      "orders": 66,
      "platform": "Amazon",
      "revenue": 16521,
    },
    {
      "averageOrderRevenue": 268.48,
      "date": "2023-02-14T00:00:00.000Z",
      "orders": 50,
      "platform": "Ebay",
      "revenue": 13424,
    },
    {
      "averageOrderRevenue": 354.92,
      "date": "2023-02-14T00:00:00.000Z",
      "orders": 50,
      "platform": "Farfetch",
      "revenue": 17746,
    },
    {
      "averageOrderRevenue": 285.3333333333333,
      "date": "2023-02-15T00:00:00.000Z",
      "orders": 111,
      "platform": "Allegro",
      "revenue": 31672,
    },
    {
      "averageOrderRevenue": 289.24545454545455,
      "date": "2023-02-15T00:00:00.000Z",
      "orders": 110,
      "platform": "Amazon",
      "revenue": 31817,
    },
    {
      "averageOrderRevenue": 340.98039215686276,
      "date": "2023-02-15T00:00:00.000Z",
      "orders": 51,
      "platform": "Ebay",
      "revenue": 17390,
    },
    {
      "averageOrderRevenue": 294.8,
      "date": "2023-02-15T00:00:00.000Z",
      "orders": 90,
      "platform": "Farfetch",
      "revenue": 26532,
    },
    {
      "averageOrderRevenue": 294.8048780487805,
      "date": "2023-02-16T00:00:00.000Z",
      "orders": 41,
      "platform": "Allegro",
      "revenue": 12087,
    },
    {
      "averageOrderRevenue": 272.4,
      "date": "2023-02-16T00:00:00.000Z",
      "orders": 80,
      "platform": "Amazon",
      "revenue": 21792,
    },
    {
      "averageOrderRevenue": 276.25581395348837,
      "date": "2023-02-16T00:00:00.000Z",
      "orders": 86,
      "platform": "Ebay",
      "revenue": 23758,
    },
    {
      "averageOrderRevenue": 201.0909090909091,
      "date": "2023-02-16T00:00:00.000Z",
      "orders": 77,
      "platform": "Farfetch",
      "revenue": 15484,
    },
    {
      "averageOrderRevenue": 277.3,
      "date": "2023-02-17T00:00:00.000Z",
      "orders": 70,
      "platform": "Allegro",
      "revenue": 19411,
    },
    {
      "averageOrderRevenue": 267.859375,
      "date": "2023-02-17T00:00:00.000Z",
      "orders": 64,
      "platform": "Amazon",
      "revenue": 17143,
    },
    {
      "averageOrderRevenue": 282.6,
      "date": "2023-02-17T00:00:00.000Z",
      "orders": 140,
      "platform": "Ebay",
      "revenue": 39564,
    },
    {
      "averageOrderRevenue": 287.53333333333336,
      "date": "2023-02-17T00:00:00.000Z",
      "orders": 75,
      "platform": "Farfetch",
      "revenue": 21565,
    },
    {
      "averageOrderRevenue": 251.7972972972973,
      "date": "2023-02-18T00:00:00.000Z",
      "orders": 74,
      "platform": "Allegro",
      "revenue": 18633,
    },
    {
      "averageOrderRevenue": 256.7142857142857,
      "date": "2023-02-18T00:00:00.000Z",
      "orders": 98,
      "platform": "Amazon",
      "revenue": 25158,
    },
    {
      "averageOrderRevenue": 287.36486486486484,
      "date": "2023-02-18T00:00:00.000Z",
      "orders": 74,
      "platform": "Ebay",
      "revenue": 21265,
    },
    {
      "averageOrderRevenue": 296.8165137614679,
      "date": "2023-02-18T00:00:00.000Z",
      "orders": 109,
      "platform": "Farfetch",
      "revenue": 32353,
    },
    {
      "averageOrderRevenue": 269.625,
      "date": "2023-02-19T00:00:00.000Z",
      "orders": 96,
      "platform": "Allegro",
      "revenue": 25884,
    },
    {
      "averageOrderRevenue": 256.2352941176471,
      "date": "2023-02-19T00:00:00.000Z",
      "orders": 51,
      "platform": "Amazon",
      "revenue": 13068,
    },
    {
      "averageOrderRevenue": 294.02272727272725,
      "date": "2023-02-19T00:00:00.000Z",
      "orders": 88,
      "platform": "Ebay",
      "revenue": 25874,
    },
    {
      "averageOrderRevenue": 258.625,
      "date": "2023-02-19T00:00:00.000Z",
      "orders": 80,
      "platform": "Farfetch",
      "revenue": 20690,
    },
    {
      "averageOrderRevenue": 248.03076923076924,
      "date": "2023-02-20T00:00:00.000Z",
      "orders": 65,
      "platform": "Allegro",
      "revenue": 16122,
    },
    {
      "averageOrderRevenue": 252.7027027027027,
      "date": "2023-02-20T00:00:00.000Z",
      "orders": 74,
      "platform": "Amazon",
      "revenue": 18700,
    },
    {
      "averageOrderRevenue": 225.52,
      "date": "2023-02-20T00:00:00.000Z",
      "orders": 50,
      "platform": "Ebay",
      "revenue": 11276,
    },
    {
      "averageOrderRevenue": 270.4035087719298,
      "date": "2023-02-20T00:00:00.000Z",
      "orders": 57,
      "platform": "Farfetch",
      "revenue": 15413,
    },
    {
      "averageOrderRevenue": 304.5978260869565,
      "date": "2023-02-21T00:00:00.000Z",
      "orders": 92,
      "platform": "Allegro",
      "revenue": 28023,
    },
    {
      "averageOrderRevenue": 230.03636363636363,
      "date": "2023-02-21T00:00:00.000Z",
      "orders": 55,
      "platform": "Amazon",
      "revenue": 12652,
    },
    {
      "averageOrderRevenue": 290.55737704918033,
      "date": "2023-02-21T00:00:00.000Z",
      "orders": 61,
      "platform": "Ebay",
      "revenue": 17724,
    },
    {
      "averageOrderRevenue": 313.4,
      "date": "2023-02-21T00:00:00.000Z",
      "orders": 55,
      "platform": "Farfetch",
      "revenue": 17237,
    },
    {
      "averageOrderRevenue": 265.46268656716416,
      "date": "2023-02-22T00:00:00.000Z",
      "orders": 67,
      "platform": "Allegro",
      "revenue": 17786,
    },
    {
      "averageOrderRevenue": 263.5833333333333,
      "date": "2023-02-22T00:00:00.000Z",
      "orders": 72,
      "platform": "Amazon",
      "revenue": 18978,
    },
    {
      "averageOrderRevenue": 365.3478260869565,
      "date": "2023-02-22T00:00:00.000Z",
      "orders": 23,
      "platform": "Ebay",
      "revenue": 8403,
    },
    {
      "averageOrderRevenue": 272.46153846153845,
      "date": "2023-02-22T00:00:00.000Z",
      "orders": 104,
      "platform": "Farfetch",
      "revenue": 28336,
    },
    {
      "averageOrderRevenue": 250.97701149425288,
      "date": "2023-02-23T00:00:00.000Z",
      "orders": 87,
      "platform": "Allegro",
      "revenue": 21835,
    },
    {
      "averageOrderRevenue": 272.0851063829787,
      "date": "2023-02-23T00:00:00.000Z",
      "orders": 47,
      "platform": "Amazon",
      "revenue": 12788,
    },
    {
      "averageOrderRevenue": 253.53225806451613,
      "date": "2023-02-23T00:00:00.000Z",
      "orders": 62,
      "platform": "Ebay",
      "revenue": 15719,
    },
    {
      "averageOrderRevenue": 302.2,
      "date": "2023-02-23T00:00:00.000Z",
      "orders": 90,
      "platform": "Farfetch",
      "revenue": 27198,
    },
    {
      "averageOrderRevenue": 300.0217391304348,
      "date": "2023-02-24T00:00:00.000Z",
      "orders": 46,
      "platform": "Allegro",
      "revenue": 13801,
    },
    {
      "averageOrderRevenue": 251.72727272727272,
      "date": "2023-02-24T00:00:00.000Z",
      "orders": 99,
      "platform": "Amazon",
      "revenue": 24921,
    },
    {
      "averageOrderRevenue": 276.6125,
      "date": "2023-02-24T00:00:00.000Z",
      "orders": 80,
      "platform": "Ebay",
      "revenue": 22129,
    },
    {
      "averageOrderRevenue": 270.5652173913044,
      "date": "2023-02-24T00:00:00.000Z",
      "orders": 69,
      "platform": "Farfetch",
      "revenue": 18669,
    },
    {
      "averageOrderRevenue": 290.51162790697674,
      "date": "2023-02-25T00:00:00.000Z",
      "orders": 86,
      "platform": "Allegro",
      "revenue": 24984,
    },
    {
      "averageOrderRevenue": 275.30232558139534,
      "date": "2023-02-25T00:00:00.000Z",
      "orders": 129,
      "platform": "Amazon",
      "revenue": 35514,
    },
    {
      "averageOrderRevenue": 300.3424657534247,
      "date": "2023-02-25T00:00:00.000Z",
      "orders": 73,
      "platform": "Ebay",
      "revenue": 21925,
    },
    {
      "averageOrderRevenue": 293.84,
      "date": "2023-02-25T00:00:00.000Z",
      "orders": 75,
      "platform": "Farfetch",
      "revenue": 22038,
    },
    {
      "averageOrderRevenue": 286.3174603174603,
      "date": "2023-02-26T00:00:00.000Z",
      "orders": 63,
      "platform": "Allegro",
      "revenue": 18038,
    },
    {
      "averageOrderRevenue": 279.1,
      "date": "2023-02-26T00:00:00.000Z",
      "orders": 80,
      "platform": "Amazon",
      "revenue": 22328,
    },
    {
      "averageOrderRevenue": 308.87012987012986,
      "date": "2023-02-26T00:00:00.000Z",
      "orders": 77,
      "platform": "Ebay",
      "revenue": 23783,
    },
    {
      "averageOrderRevenue": 269.8953488372093,
      "date": "2023-02-26T00:00:00.000Z",
      "orders": 86,
      "platform": "Farfetch",
      "revenue": 23211,
    },
    {
      "averageOrderRevenue": 270.46153846153845,
      "date": "2023-02-27T00:00:00.000Z",
      "orders": 52,
      "platform": "Allegro",
      "revenue": 14064,
    },
    {
      "averageOrderRevenue": 293.3382352941176,
      "date": "2023-02-27T00:00:00.000Z",
      "orders": 68,
      "platform": "Amazon",
      "revenue": 19947,
    },
    {
      "averageOrderRevenue": 255.0379746835443,
      "date": "2023-02-27T00:00:00.000Z",
      "orders": 79,
      "platform": "Ebay",
      "revenue": 20148,
    },
    {
      "averageOrderRevenue": 297.72222222222223,
      "date": "2023-02-27T00:00:00.000Z",
      "orders": 72,
      "platform": "Farfetch",
      "revenue": 21436,
    },
    {
      "averageOrderRevenue": 295.07563025210084,
      "date": "2023-02-28T00:00:00.000Z",
      "orders": 119,
      "platform": "Allegro",
      "revenue": 35114,
    },
    {
      "averageOrderRevenue": 244.12280701754386,
      "date": "2023-02-28T00:00:00.000Z",
      "orders": 57,
      "platform": "Amazon",
      "revenue": 13915,
    },
    {
      "averageOrderRevenue": 272.5308641975309,
      "date": "2023-02-28T00:00:00.000Z",
      "orders": 81,
      "platform": "Ebay",
      "revenue": 22075,
    },
    {
      "averageOrderRevenue": 284.327868852459,
      "date": "2023-02-28T00:00:00.000Z",
      "orders": 61,
      "platform": "Farfetch",
      "revenue": 17344,
    },
    {
      "averageOrderRevenue": 279.6595744680851,
      "date": "2023-03-01T00:00:00.000Z",
      "orders": 47,
      "platform": "Allegro",
      "revenue": 13144,
    },
    {
      "averageOrderRevenue": 279.12745098039215,
      "date": "2023-03-01T00:00:00.000Z",
      "orders": 102,
      "platform": "Amazon",
      "revenue": 28471,
    },
    {
      "averageOrderRevenue": 245.88333333333333,
      "date": "2023-03-01T00:00:00.000Z",
      "orders": 60,
      "platform": "Ebay",
      "revenue": 14753,
    },
    {
      "averageOrderRevenue": 285.55,
      "date": "2023-03-01T00:00:00.000Z",
      "orders": 80,
      "platform": "Farfetch",
      "revenue": 22844,
    },
    {
      "averageOrderRevenue": 290.4590163934426,
      "date": "2023-03-02T00:00:00.000Z",
      "orders": 61,
      "platform": "Allegro",
      "revenue": 17718,
    },
    {
      "averageOrderRevenue": 241.4313725490196,
      "date": "2023-03-02T00:00:00.000Z",
      "orders": 51,
      "platform": "Amazon",
      "revenue": 12313,
    },
    {
      "averageOrderRevenue": 271.8735632183908,
      "date": "2023-03-02T00:00:00.000Z",
      "orders": 87,
      "platform": "Ebay",
      "revenue": 23653,
    },
    {
      "averageOrderRevenue": 325.77464788732397,
      "date": "2023-03-02T00:00:00.000Z",
      "orders": 71,
      "platform": "Farfetch",
      "revenue": 23130,
    },
    {
      "averageOrderRevenue": 321.77272727272725,
      "date": "2023-03-03T00:00:00.000Z",
      "orders": 66,
      "platform": "Allegro",
      "revenue": 21237,
    },
    {
      "averageOrderRevenue": 307.5684210526316,
      "date": "2023-03-03T00:00:00.000Z",
      "orders": 95,
      "platform": "Amazon",
      "revenue": 29219,
    },
    {
      "averageOrderRevenue": 257.95081967213116,
      "date": "2023-03-03T00:00:00.000Z",
      "orders": 61,
      "platform": "Ebay",
      "revenue": 15735,
    },
    {
      "averageOrderRevenue": 258.4927536231884,
      "date": "2023-03-03T00:00:00.000Z",
      "orders": 69,
      "platform": "Farfetch",
      "revenue": 17836,
    },
    {
      "averageOrderRevenue": 286.0879120879121,
      "date": "2023-03-04T00:00:00.000Z",
      "orders": 91,
      "platform": "Allegro",
      "revenue": 26034,
    },
    {
      "averageOrderRevenue": 278.34313725490193,
      "date": "2023-03-04T00:00:00.000Z",
      "orders": 102,
      "platform": "Amazon",
      "revenue": 28391,
    },
    {
      "averageOrderRevenue": 241.88372093023256,
      "date": "2023-03-04T00:00:00.000Z",
      "orders": 43,
      "platform": "Ebay",
      "revenue": 10401,
    },
    {
      "averageOrderRevenue": 247.95454545454547,
      "date": "2023-03-04T00:00:00.000Z",
      "orders": 44,
      "platform": "Farfetch",
      "revenue": 10910,
    },
    {
      "averageOrderRevenue": 325.1267605633803,
      "date": "2023-03-05T00:00:00.000Z",
      "orders": 71,
      "platform": "Allegro",
      "revenue": 23084,
    },
    {
      "averageOrderRevenue": 207.66666666666666,
      "date": "2023-03-05T00:00:00.000Z",
      "orders": 24,
      "platform": "Amazon",
      "revenue": 4984,
    },
    {
      "averageOrderRevenue": 218.3728813559322,
      "date": "2023-03-05T00:00:00.000Z",
      "orders": 59,
      "platform": "Ebay",
      "revenue": 12884,
    },
    {
      "averageOrderRevenue": 276.75728155339806,
      "date": "2023-03-05T00:00:00.000Z",
      "orders": 103,
      "platform": "Farfetch",
      "revenue": 28506,
    },
    {
      "averageOrderRevenue": 303.69620253164555,
      "date": "2023-03-06T00:00:00.000Z",
      "orders": 79,
      "platform": "Allegro",
      "revenue": 23992,
    },
    {
      "averageOrderRevenue": 264.3015873015873,
      "date": "2023-03-06T00:00:00.000Z",
      "orders": 63,
      "platform": "Amazon",
      "revenue": 16651,
    },
    {
      "averageOrderRevenue": 298.7368421052632,
      "date": "2023-03-06T00:00:00.000Z",
      "orders": 76,
      "platform": "Ebay",
      "revenue": 22704,
    },
    {
      "averageOrderRevenue": 317.33846153846156,
      "date": "2023-03-06T00:00:00.000Z",
      "orders": 65,
      "platform": "Farfetch",
      "revenue": 20627,
    },
    {
      "averageOrderRevenue": 265.10714285714283,
      "date": "2023-03-07T00:00:00.000Z",
      "orders": 84,
      "platform": "Allegro",
      "revenue": 22269,
    },
    {
      "averageOrderRevenue": 272.97014925373134,
      "date": "2023-03-07T00:00:00.000Z",
      "orders": 67,
      "platform": "Amazon",
      "revenue": 18289,
    },
    {
      "averageOrderRevenue": 268.55555555555554,
      "date": "2023-03-07T00:00:00.000Z",
      "orders": 81,
      "platform": "Ebay",
      "revenue": 21753,
    },
    {
      "averageOrderRevenue": 297.8205128205128,
      "date": "2023-03-07T00:00:00.000Z",
      "orders": 78,
      "platform": "Farfetch",
      "revenue": 23230,
    },
    {
      "averageOrderRevenue": 260.35087719298247,
      "date": "2023-03-08T00:00:00.000Z",
      "orders": 114,
      "platform": "Allegro",
      "revenue": 29680,
    },
    {
      "averageOrderRevenue": 219.37974683544303,
      "date": "2023-03-08T00:00:00.000Z",
      "orders": 79,
      "platform": "Amazon",
      "revenue": 17331,
    },
    {
      "averageOrderRevenue": 295.06,
      "date": "2023-03-08T00:00:00.000Z",
      "orders": 50,
      "platform": "Ebay",
      "revenue": 14753,
    },
    {
      "averageOrderRevenue": 251.02666666666667,
      "date": "2023-03-08T00:00:00.000Z",
      "orders": 75,
      "platform": "Farfetch",
      "revenue": 18827,
    },
    {
      "averageOrderRevenue": 226.9142857142857,
      "date": "2023-03-09T00:00:00.000Z",
      "orders": 70,
      "platform": "Allegro",
      "revenue": 15884,
    },
    {
      "averageOrderRevenue": 245.30769230769232,
      "date": "2023-03-09T00:00:00.000Z",
      "orders": 39,
      "platform": "Amazon",
      "revenue": 9567,
    },
    {
      "averageOrderRevenue": 272.7090909090909,
      "date": "2023-03-09T00:00:00.000Z",
      "orders": 55,
      "platform": "Ebay",
      "revenue": 14999,
    },
    {
      "averageOrderRevenue": 266.1948051948052,
      "date": "2023-03-09T00:00:00.000Z",
      "orders": 77,
      "platform": "Farfetch",
      "revenue": 20497,
    },
  ],
}
`;

exports[`/api/platform-stats /total responds with total stats for the timerange 1`] = `
{
  "totalStats": [
    {
      "averageOrderRevenue": 278.9201802117935,
      "orders": 5080,
      "platform": "Allegro",
      "revenue": 1421799,
    },
    {
      "averageOrderRevenue": 274.04311561951545,
      "orders": 5092,
      "platform": "Amazon",
      "revenue": 1402113,
    },
    {
      "averageOrderRevenue": 278.76712426174066,
      "orders": 5078,
      "platform": "Ebay",
      "revenue": 1418508,
    },
    {
      "averageOrderRevenue": 274.8378804441557,
      "orders": 5124,
      "platform": "Farfetch",
      "revenue": 1413611,
    },
  ],
}
`;
