// Jest Snapshot v1, https://goo.gl/fbAQLP

exports[`/api/stats /day responds with daily stats for the timerange 1`] = `
{
  "dayStats": [
    {
      "averageOrderRevenue": 471.5,
      "date": "2023-01-01T00:00:00.000Z",
      "orders": 4,
      "revenue": 1886,
    },
    {
      "averageOrderRevenue": 275.33333,
      "date": "2023-01-02T00:00:00.000Z",
      "orders": 6,
      "revenue": 1652,
    },
    {
      "averageOrderRevenue": 336.3,
      "date": "2023-01-03T00:00:00.000Z",
      "orders": 10,
      "revenue": 3363,
    },
    {
      "averageOrderRevenue": 171.8,
      "date": "2023-01-04T00:00:00.000Z",
      "orders": 5,
      "revenue": 859,
    },
    {
      "averageOrderRevenue": 297.66667,
      "date": "2023-01-05T00:00:00.000Z",
      "orders": 3,
      "revenue": 893,
    },
    {
      "averageOrderRevenue": 167.54545,
      "date": "2023-01-06T00:00:00.000Z",
      "orders": 11,
      "revenue": 1843,
    },
    {
      "averageOrderRevenue": 296,
      "date": "2023-01-07T00:00:00.000Z",
      "orders": 4,
      "revenue": 1184,
    },
    {
      "averageOrderRevenue": 615,
      "date": "2023-01-08T00:00:00.000Z",
      "orders": 2,
      "revenue": 1230,
    },
    {
      "averageOrderRevenue": 380.69231,
      "date": "2023-01-10T00:00:00.000Z",
      "orders": 13,
      "revenue": 4949,
    },
    {
      "averageOrderRevenue": 243.25,
      "date": "2023-01-11T00:00:00.000Z",
      "orders": 12,
      "revenue": 2919,
    },
    {
      "averageOrderRevenue": 257.2,
      "date": "2023-01-12T00:00:00.000Z",
      "orders": 10,
      "revenue": 2572,
    },
    {
      "averageOrderRevenue": 260.57143,
      "date": "2023-01-15T00:00:00.000Z",
      "orders": 7,
      "revenue": 1824,
    },
    {
      "averageOrderRevenue": 263.14286,
      "date": "2023-01-16T00:00:00.000Z",
      "orders": 14,
      "revenue": 3684,
    },
    {
      "averageOrderRevenue": 368,
      "date": "2023-01-17T00:00:00.000Z",
      "orders": 4,
      "revenue": 1472,
    },
    {
      "averageOrderRevenue": 127.25,
      "date": "2023-01-19T00:00:00.000Z",
      "orders": 8,
      "revenue": 1018,
    },
    {
      "averageOrderRevenue": 256.06897,
      "date": "2023-01-21T00:00:00.000Z",
      "orders": 29,
      "revenue": 7426,
    },
    {
      "averageOrderRevenue": 164.61538,
      "date": "2023-01-22T00:00:00.000Z",
      "orders": 13,
      "revenue": 2140,
    },
    {
      "averageOrderRevenue": 193.16667,
      "date": "2023-01-23T00:00:00.000Z",
      "orders": 6,
      "revenue": 1159,
    },
    {
      "averageOrderRevenue": 105.16667,
      "date": "2023-01-24T00:00:00.000Z",
      "orders": 6,
      "revenue": 631,
    },
    {
      "averageOrderRevenue": 292.2,
      "date": "2023-01-25T00:00:00.000Z",
      "orders": 10,
      "revenue": 2922,
    },
    {
      "averageOrderRevenue": 203,
      "date": "2023-01-26T00:00:00.000Z",
      "orders": 8,
      "revenue": 1624,
    },
    {
      "averageOrderRevenue": 285.33333,
      "date": "2023-01-27T00:00:00.000Z",
      "orders": 3,
      "revenue": 856,
    },
    {
      "averageOrderRevenue": 322.16667,
      "date": "2023-01-28T00:00:00.000Z",
      "orders": 12,
      "revenue": 3866,
    },
    {
      "averageOrderRevenue": 256.46667,
      "date": "2023-01-29T00:00:00.000Z",
      "orders": 15,
      "revenue": 3847,
    },
    {
      "averageOrderRevenue": 213.33333,
      "date": "2023-01-31T00:00:00.000Z",
      "orders": 3,
      "revenue": 640,
    },
    {
      "averageOrderRevenue": 460.3,
      "date": "2023-02-02T00:00:00.000Z",
      "orders": 10,
      "revenue": 4603,
    },
    {
      "averageOrderRevenue": 332.66667,
      "date": "2023-02-03T00:00:00.000Z",
      "orders": 3,
      "revenue": 998,
    },
    {
      "averageOrderRevenue": 299.55556,
      "date": "2023-02-05T00:00:00.000Z",
      "orders": 9,
      "revenue": 2696,
    },
    {
      "averageOrderRevenue": 364.33333,
      "date": "2023-02-06T00:00:00.000Z",
      "orders": 3,
      "revenue": 1093,
    },
    {
      "averageOrderRevenue": 280.375,
      "date": "2023-02-07T00:00:00.000Z",
      "orders": 8,
      "revenue": 2243,
    },
    {
      "averageOrderRevenue": 253.53333,
      "date": "2023-02-08T00:00:00.000Z",
      "orders": 15,
      "revenue": 3803,
    },
    {
      "averageOrderRevenue": 318.8,
      "date": "2023-02-09T00:00:00.000Z",
      "orders": 5,
      "revenue": 1594,
    },
    {
      "averageOrderRevenue": 277.14286,
      "date": "2023-02-10T00:00:00.000Z",
      "orders": 21,
      "revenue": 5820,
    },
    {
      "averageOrderRevenue": 218.70588,
      "date": "2023-02-11T00:00:00.000Z",
      "orders": 17,
      "revenue": 3718,
    },
    {
      "averageOrderRevenue": 251.95833,
      "date": "2023-02-13T00:00:00.000Z",
      "orders": 24,
      "revenue": 6047,
    },
    {
      "averageOrderRevenue": 206.88889,
      "date": "2023-02-14T00:00:00.000Z",
      "orders": 9,
      "revenue": 1862,
    },
    {
      "averageOrderRevenue": 345.85714,
      "date": "2023-02-16T00:00:00.000Z",
      "orders": 14,
      "revenue": 4842,
    },
    {
      "averageOrderRevenue": 157.5,
      "date": "2023-02-17T00:00:00.000Z",
      "orders": 10,
      "revenue": 1575,
    },
    {
      "averageOrderRevenue": 393.66667,
      "date": "2023-02-19T00:00:00.000Z",
      "orders": 6,
      "revenue": 2362,
    },
    {
      "averageOrderRevenue": 306.5625,
      "date": "2023-02-20T00:00:00.000Z",
      "orders": 16,
      "revenue": 4905,
    },
    {
      "averageOrderRevenue": 230.77778,
      "date": "2023-02-21T00:00:00.000Z",
      "orders": 9,
      "revenue": 2077,
    },
    {
      "averageOrderRevenue": 318.8,
      "date": "2023-02-23T00:00:00.000Z",
      "orders": 10,
      "revenue": 3188,
    },
    {
      "averageOrderRevenue": 579,
      "date": "2023-02-24T00:00:00.000Z",
      "orders": 4,
      "revenue": 2316,
    },
    {
      "averageOrderRevenue": 261.91837,
      "date": "2023-02-25T00:00:00.000Z",
      "orders": 49,
      "revenue": 12834,
    },
    {
      "averageOrderRevenue": 296.92,
      "date": "2023-02-26T00:00:00.000Z",
      "orders": 25,
      "revenue": 7423,
    },
    {
      "averageOrderRevenue": 308.29412,
      "date": "2023-02-27T00:00:00.000Z",
      "orders": 17,
      "revenue": 5241,
    },
    {
      "averageOrderRevenue": 142.66667,
      "date": "2023-02-28T00:00:00.000Z",
      "orders": 9,
      "revenue": 1284,
    },
    {
      "averageOrderRevenue": 179.3125,
      "date": "2023-03-01T00:00:00.000Z",
      "orders": 16,
      "revenue": 2869,
    },
    {
      "averageOrderRevenue": 227.625,
      "date": "2023-03-02T00:00:00.000Z",
      "orders": 8,
      "revenue": 1821,
    },
    {
      "averageOrderRevenue": 271.27778,
      "date": "2023-03-03T00:00:00.000Z",
      "orders": 18,
      "revenue": 4883,
    },
    {
      "averageOrderRevenue": 303.25,
      "date": "2023-03-04T00:00:00.000Z",
      "orders": 8,
      "revenue": 2426,
    },
    {
      "averageOrderRevenue": 336,
      "date": "2023-03-05T00:00:00.000Z",
      "orders": 15,
      "revenue": 5040,
    },
    {
      "averageOrderRevenue": 216,
      "date": "2023-03-09T00:00:00.000Z",
      "orders": 17,
      "revenue": 3672,
    },
  ],
}
`;

exports[`/api/stats /total responds with total stats for the timerange 1`] = `
{
  "totalStats": [
    {
      "averageOrderRevenue": 282.3105305660377,
      "orders": 593,
      "revenue": 159694,
    },
  ],
}
`;
